Header

identifier: «KTX 20»\r\n\x1A\n
vkFormat: VK_FORMAT_UNDEFINED
typeSize: 1
pixelWidth: 8
pixelHeight: 8
pixelDepth: 0
layerCount: 0
faceCount: 1
levelCount: 1
supercompressionScheme: KTX_SS_BASIS_LZ
dataFormatDescriptor.byteOffset: 0x68
dataFormatDescriptor.byteLength: 60
keyValueData.byteOffset: 0xa4
keyValueData.byteLength: 120
supercompressionGlobalData.byteOffset: 0x120
supercompressionGlobalData.byteLength: 140

Level Index

Level0.byteOffset: 0x1ac
Level0.byteLength: 3
Level0.uncompressedByteLength: 0

Data Format Descriptor

DFD total bytes: 60
BDB descriptor type: KHR_DF_KHR_DESCRIPTORTYPE_BASICFORMAT
Vendor ID: KHR_DF_VENDORID_KHRONOS
Descriptor block size: 56 (2 samples)
VersionNumber: KHR_DF_VERSIONNUMBER_1_3
Flags: 0x0 (KHR_DF_FLAG_ALPHA_STRAIGHT)
Transfer: KHR_DF_TRANSFER_SRGB
Primaries: KHR_DF_PRIMARIES_BT709
Model: KHR_DF_MODEL_ETC1S
Dimensions: 4, 4, 1, 1
Plane bytes: 0, 0, 0, 0, 0, 0, 0, 0
Sample 0:
    Qualifiers: 0x0 ()
    Channel Type: 0x0 (KHR_DF_CHANNEL_ETC1S_RGB)
    Length: 64 bits Offset: 0
    Position: 0, 0, 0, 0
    Lower: 0x00000000
    Upper: 0xffffffff
Sample 1:
    Qualifiers: 0x0 ()
    Channel Type: 0xf (KHR_DF_CHANNEL_ETC1S_AAA)
    Length: 64 bits Offset: 64
    Position: 0, 0, 0, 0
    Lower: 0x00000000
    Upper: 0xffffffff

Key/Value Data

KTXorientation: rd
KTXwriter: toktx v4.0.__default__ / libktx v4.0.__default__
KTXwriterScParams: --bcmp

Basis Supercompression Global Data

endpointCount: 2
selectorCount: 2
endpointsByteLength: 45
selectorsByteLength: 9
tablesByteLength: 46
extendedByteLength: 0

imageFlags: 0
rgbSliceByteLength: 2
rgbSliceByteOffset: 0
alphaSliceByteLength: 1
alphaSliceByteOffset: 0x2
