{"$id":"ktx-schema-url-1.0","header":{"identifier":"«KTX 20»\r\n\x1A\n","vkFormat":"VK_FORMAT_R8G8B8A8_SRGB","typeSize":1,"pixelWidth":16,"pixelHeight":16,"pixelDepth":0,"layerCount":7,"faceCount":1,"levelCount":5,"supercompressionScheme":"KTX_SS_NONE"},"index":{"dataFormatDescriptor":{"byteOffset":200,"byteLength":92},"keyValueData":{"byteOffset":292,"byteLength":88},"supercompressionGlobalData":{"byteOffset":0,"byteLength":0},"levels":[{"byteOffset":2760,"byteLength":7168,"uncompressedByteLength":7168},{"byteOffset":968,"byteLength":1792,"uncompressedByteLength":1792},{"byteOffset":520,"byteLength":448,"uncompressedByteLength":448},{"byteOffset":408,"byteLength":112,"uncompressedByteLength":112},{"byteOffset":380,"byteLength":28,"uncompressedByteLength":28}]},"dataFormatDescriptor":{"totalSize":92,"blocks":[{"descriptorType":"KHR_DF_KHR_DESCRIPTORTYPE_BASICFORMAT","vendorId":"KHR_DF_VENDORID_KHRONOS","descriptorBlockSize":88,"versionNumber":"KHR_DF_VERSIONNUMBER_1_3","flags":["KHR_DF_FLAG_ALPHA_STRAIGHT"],"transferFunction":"KHR_DF_TRANSFER_SRGB","colorPrimaries":"KHR_DF_PRIMARIES_BT709","colorModel":"KHR_DF_MODEL_RGBSDA","texelBlockDimension":[1,1,1,1],"bytesPlane":[4,0,0,0,0,0,0,0],"samples":[{"qualifiers":[],"channelType":"KHR_DF_CHANNEL_RGBSDA_RED","bitLength":7,"bitOffset":0,"samplePosition":[0,0,0,0],"sampleLower":0,"sampleUpper":255},{"qualifiers":[],"channelType":"KHR_DF_CHANNEL_RGBSDA_GREEN","bitLength":7,"bitOffset":8,"samplePosition":[0,0,0,0],"sampleLower":0,"sampleUpper":255},{"qualifiers":[],"channelType":"KHR_DF_CHANNEL_RGBSDA_BLUE","bitLength":7,"bitOffset":16,"samplePosition":[0,0,0,0],"sampleLower":0,"sampleUpper":255},{"qualifiers":[1],"channelType":"KHR_DF_CHANNEL_RGBSDA_ALPHA","bitLength":7,"bitOffset":24,"samplePosition":[0,0,0,0],"sampleLower":0,"sampleUpper":255}]}]},"keyValueData":{"KTXorientation":"rd","KTXwriter":"toktx v4.0.__default__ / libktx v4.0.__default__"}}