{
    "$id": "ktx-schema-url-1.0",
    "header": {
        "identifier": "«KTX 20»\r\n\x1A\n",
        "vkFormat": "VK_FORMAT_ASTC_6x6_SRGB_BLOCK",
        "typeSize": 1,
        "pixelWidth": 2048,
        "pixelHeight": 2048,
        "pixelDepth": 0,
        "layerCount": 0,
        "faceCount": 1,
        "levelCount": 12,
        "supercompressionScheme": "KTX_SS_NONE"
    },
    "index": {
        "dataFormatDescriptor": {
            "byteOffset": 368,
            "byteLength": 44
        },
        "keyValueData": {
            "byteOffset": 412,
            "byteLength": 144
        },
        "supercompressionGlobalData": {
            "byteOffset": 0,
            "byteLength": 0
        },
        "levels": [
            {
                "byteOffset": 626848,
                "byteLength": 1871424,
                "uncompressedByteLength": 1871424
            },
            {
                "byteOffset": 158992,
                "byteLength": 467856,
                "uncompressedByteLength": 467856
            },
            {
                "byteOffset": 40656,
                "byteLength": 118336,
                "uncompressedByteLength": 118336
            },
            {
                "byteOffset": 11072,
                "byteLength": 29584,
                "uncompressedByteLength": 29584
            },
            {
                "byteOffset": 3328,
                "byteLength": 7744,
                "uncompressedByteLength": 7744
            },
            {
                "byteOffset": 1392,
                "byteLength": 1936,
                "uncompressedByteLength": 1936
            },
            {
                "byteOffset": 816,
                "byteLength": 576,
                "uncompressedByteLength": 576
            },
            {
                "byteOffset": 672,
                "byteLength": 144,
                "uncompressedByteLength": 144
            },
            {
                "byteOffset": 608,
                "byteLength": 64,
                "uncompressedByteLength": 64
            },
            {
                "byteOffset": 592,
                "byteLength": 16,
                "uncompressedByteLength": 16
            },
            {
                "byteOffset": 576,
                "byteLength": 16,
                "uncompressedByteLength": 16
            },
            {
                "byteOffset": 560,
                "byteLength": 16,
                "uncompressedByteLength": 16
            }
        ]
    },
    "dataFormatDescriptor": {
        "totalSize": 44,
        "blocks": [
            {
                "descriptorType": "KHR_DF_KHR_DESCRIPTORTYPE_BASICFORMAT",
                "vendorId": "KHR_DF_VENDORID_KHRONOS",
                "descriptorBlockSize": 40,
                "versionNumber": "KHR_DF_VERSIONNUMBER_1_3",
                "flags": [
                    "KHR_DF_FLAG_ALPHA_STRAIGHT"
                ],
                "transferFunction": "KHR_DF_TRANSFER_SRGB",
                "colorPrimaries": "KHR_DF_PRIMARIES_BT709",
                "colorModel": "KHR_DF_MODEL_ASTC",
                "texelBlockDimension": [6, 6, 1, 1],
                "bytesPlane": [16, 0, 0, 0, 0, 0, 0, 0],
                "samples": [
                    {
                        "qualifiers": [],
                        "channelType": "KHR_DF_CHANNEL_ASTC_DATA",
                        "bitLength": 127,
                        "bitOffset": 0,
                        "samplePosition": [0, 0, 0, 0],
                        "sampleLower": 0,
                        "sampleUpper": 4294967295
                    }
                ]
            }
        ]
    },
    "keyValueData": {
        "KTXorientation": "rd",
        "KTXwriter": "toktx v4.0.__default__ / libktx v4.0.__default__",
        "KTXwriterScParams": "--encode astc --astc_blk_d 6x6"
    }
}
