{
    "$id": "ktx-schema-url-1.0",
    "header": {
        "identifier": "«KTX 20»\r\n\x1A\n",
        "vkFormat": "VK_FORMAT_ASTC_8x6_SRGB_BLOCK",
        "typeSize": 1,
        "pixelWidth": 2048,
        "pixelHeight": 2048,
        "pixelDepth": 0,
        "layerCount": 0,
        "faceCount": 1,
        "levelCount": 12,
        "supercompressionScheme": "KTX_SS_NONE"
    },
    "index": {
        "dataFormatDescriptor": {
            "byteOffset": 368,
            "byteLength": 44
        },
        "keyValueData": {
            "byteOffset": 412,
            "byteLength": 144
        },
        "supercompressionGlobalData": {
            "byteOffset": 0,
            "byteLength": 0
        },
        "levels": [
            {
                "byteOffset": 468448,
                "byteLength": 1400832,
                "uncompressedByteLength": 1400832
            },
            {
                "byteOffset": 118240,
                "byteLength": 350208,
                "uncompressedByteLength": 350208
            },
            {
                "byteOffset": 30176,
                "byteLength": 88064,
                "uncompressedByteLength": 88064
            },
            {
                "byteOffset": 8160,
                "byteLength": 22016,
                "uncompressedByteLength": 22016
            },
            {
                "byteOffset": 2528,
                "byteLength": 5632,
                "uncompressedByteLength": 5632
            },
            {
                "byteOffset": 1120,
                "byteLength": 1408,
                "uncompressedByteLength": 1408
            },
            {
                "byteOffset": 736,
                "byteLength": 384,
                "uncompressedByteLength": 384
            },
            {
                "byteOffset": 640,
                "byteLength": 96,
                "uncompressedByteLength": 96
            },
            {
                "byteOffset": 608,
                "byteLength": 32,
                "uncompressedByteLength": 32
            },
            {
                "byteOffset": 592,
                "byteLength": 16,
                "uncompressedByteLength": 16
            },
            {
                "byteOffset": 576,
                "byteLength": 16,
                "uncompressedByteLength": 16
            },
            {
                "byteOffset": 560,
                "byteLength": 16,
                "uncompressedByteLength": 16
            }
        ]
    },
    "dataFormatDescriptor": {
        "totalSize": 44,
        "blocks": [
            {
                "descriptorType": "KHR_DF_KHR_DESCRIPTORTYPE_BASICFORMAT",
                "vendorId": "KHR_DF_VENDORID_KHRONOS",
                "descriptorBlockSize": 40,
                "versionNumber": "KHR_DF_VERSIONNUMBER_1_3",
                "flags": [
                    "KHR_DF_FLAG_ALPHA_STRAIGHT"
                ],
                "transferFunction": "KHR_DF_TRANSFER_SRGB",
                "colorPrimaries": "KHR_DF_PRIMARIES_BT709",
                "colorModel": "KHR_DF_MODEL_ASTC",
                "texelBlockDimension": [8, 6, 1, 1],
                "bytesPlane": [16, 0, 0, 0, 0, 0, 0, 0],
                "samples": [
                    {
                        "qualifiers": [],
                        "channelType": "KHR_DF_CHANNEL_ASTC_DATA",
                        "bitLength": 127,
                        "bitOffset": 0,
                        "samplePosition": [0, 0, 0, 0],
                        "sampleLower": 0,
                        "sampleUpper": 4294967295
                    }
                ]
            }
        ]
    },
    "keyValueData": {
        "KTXorientation": "rd",
        "KTXwriter": "toktx v4.0.__default__ / libktx v4.0.__default__",
        "KTXwriterScParams": "--encode astc --astc_blk_d 8x6"
    }
}
