{
    "$id": "ktx-schema-url-1.0",
    "header": {
        "identifier": "«KTX 20»\r\n\x1A\n",
        "vkFormat": "VK_FORMAT_ASTC_6x5_SRGB_BLOCK",
        "typeSize": 1,
        "pixelWidth": 2048,
        "pixelHeight": 2048,
        "pixelDepth": 0,
        "layerCount": 0,
        "faceCount": 1,
        "levelCount": 12,
        "supercompressionScheme": "KTX_SS_NONE"
    },
    "index": {
        "dataFormatDescriptor": {
            "byteOffset": 368,
            "byteLength": 44
        },
        "keyValueData": {
            "byteOffset": 412,
            "byteLength": 144
        },
        "supercompressionGlobalData": {
            "byteOffset": 0,
            "byteLength": 0
        },
        "levels": [
            {
                "byteOffset": 751360,
                "byteLength": 2243520,
                "uncompressedByteLength": 2243520
            },
            {
                "byteOffset": 190480,
                "byteLength": 560880,
                "uncompressedByteLength": 560880
            },
            {
                "byteOffset": 48752,
                "byteLength": 141728,
                "uncompressedByteLength": 141728
            },
            {
                "byteOffset": 12976,
                "byteLength": 35776,
                "uncompressedByteLength": 35776
            },
            {
                "byteOffset": 3824,
                "byteLength": 9152,
                "uncompressedByteLength": 9152
            },
            {
                "byteOffset": 1536,
                "byteLength": 2288,
                "uncompressedByteLength": 2288
            },
            {
                "byteOffset": 864,
                "byteLength": 672,
                "uncompressedByteLength": 672
            },
            {
                "byteOffset": 672,
                "byteLength": 192,
                "uncompressedByteLength": 192
            },
            {
                "byteOffset": 608,
                "byteLength": 64,
                "uncompressedByteLength": 64
            },
            {
                "byteOffset": 592,
                "byteLength": 16,
                "uncompressedByteLength": 16
            },
            {
                "byteOffset": 576,
                "byteLength": 16,
                "uncompressedByteLength": 16
            },
            {
                "byteOffset": 560,
                "byteLength": 16,
                "uncompressedByteLength": 16
            }
        ]
    },
    "dataFormatDescriptor": {
        "totalSize": 44,
        "blocks": [
            {
                "descriptorType": "KHR_DF_KHR_DESCRIPTORTYPE_BASICFORMAT",
                "vendorId": "KHR_DF_VENDORID_KHRONOS",
                "descriptorBlockSize": 40,
                "versionNumber": "KHR_DF_VERSIONNUMBER_1_3",
                "flags": [
                    "KHR_DF_FLAG_ALPHA_STRAIGHT"
                ],
                "transferFunction": "KHR_DF_TRANSFER_SRGB",
                "colorPrimaries": "KHR_DF_PRIMARIES_BT709",
                "colorModel": "KHR_DF_MODEL_ASTC",
                "texelBlockDimension": [6, 5, 1, 1],
                "bytesPlane": [16, 0, 0, 0, 0, 0, 0, 0],
                "samples": [
                    {
                        "qualifiers": [],
                        "channelType": "KHR_DF_CHANNEL_ASTC_DATA",
                        "bitLength": 127,
                        "bitOffset": 0,
                        "samplePosition": [0, 0, 0, 0],
                        "sampleLower": 0,
                        "sampleUpper": 4294967295
                    }
                ]
            }
        ]
    },
    "keyValueData": {
        "KTXorientation": "rd",
        "KTXwriter": "toktx v4.0.__default__ / libktx v4.0.__default__",
        "KTXwriterScParams": "--encode astc --astc_blk_d 6x5"
    }
}
