Header

identifier: «KTX 20»\r\n\x1A\n
vkFormat: VK_FORMAT_ASTC_8x8_SRGB_BLOCK
typeSize: 1
pixelWidth: 2048
pixelHeight: 2048
pixelDepth: 0
layerCount: 0
faceCount: 1
levelCount: 12
supercompressionScheme: KTX_SS_NONE
dataFormatDescriptor.byteOffset: 0x170
dataFormatDescriptor.byteLength: 44
keyValueData.byteOffset: 0x19c
keyValueData.byteLength: 144
supercompressionGlobalData.byteOffset: 0
supercompressionGlobalData.byteLength: 0

Level Index

Level0.byteOffset: 0x557b0
Level0.byteLength: 1048576
Level0.uncompressedByteLength: 1048576
Level1.byteOffset: 0x157b0
Level1.byteLength: 262144
Level1.uncompressedByteLength: 262144
Level2.byteOffset: 0x57b0
Level2.byteLength: 65536
Level2.uncompressedByteLength: 65536
Level3.byteOffset: 0x17b0
Level3.byteLength: 16384
Level3.uncompressedByteLength: 16384
Level4.byteOffset: 0x7b0
Level4.byteLength: 4096
Level4.uncompressedByteLength: 4096
Level5.byteOffset: 0x3b0
Level5.byteLength: 1024
Level5.uncompressedByteLength: 1024
Level6.byteOffset: 0x2b0
Level6.byteLength: 256
Level6.uncompressedByteLength: 256
Level7.byteOffset: 0x270
Level7.byteLength: 64
Level7.uncompressedByteLength: 64
Level8.byteOffset: 0x260
Level8.byteLength: 16
Level8.uncompressedByteLength: 16
Level9.byteOffset: 0x250
Level9.byteLength: 16
Level9.uncompressedByteLength: 16
Level10.byteOffset: 0x240
Level10.byteLength: 16
Level10.uncompressedByteLength: 16
Level11.byteOffset: 0x230
Level11.byteLength: 16
Level11.uncompressedByteLength: 16

Data Format Descriptor

DFD total bytes: 44
BDB descriptor type: KHR_DF_KHR_DESCRIPTORTYPE_BASICFORMAT
Vendor ID: KHR_DF_VENDORID_KHRONOS
Descriptor block size: 40 (1 sample)
VersionNumber: KHR_DF_VERSIONNUMBER_1_3
Flags: 0x0 (KHR_DF_FLAG_ALPHA_STRAIGHT)
Transfer: KHR_DF_TRANSFER_SRGB
Primaries: KHR_DF_PRIMARIES_BT709
Model: KHR_DF_MODEL_ASTC
Dimensions: 8, 8, 1, 1
Plane bytes: 16, 0, 0, 0, 0, 0, 0, 0
Sample 0:
    Qualifiers: 0x0 ()
    Channel Type: 0x0 (KHR_DF_CHANNEL_ASTC_DATA)
    Length: 128 bits Offset: 0
    Position: 0, 0, 0, 0
    Lower: 0x00000000
    Upper: 0xffffffff

Key/Value Data

KTXorientation: rd
KTXwriter: toktx v4.0.__default__ / libktx v4.0.__default__
KTXwriterScParams: --encode astc --astc_blk_d 8x8
