{"$id":"ktx-schema-url-1.0","header":{"identifier":"«KTX 20»\r\n\x1A\n","vkFormat":"VK_FORMAT_ASTC_6x6_SRGB_BLOCK","typeSize":1,"pixelWidth":16,"pixelHeight":16,"pixelDepth":0,"layerCount":7,"faceCount":1,"levelCount":5,"supercompressionScheme":"KTX_SS_NONE"},"index":{"dataFormatDescriptor":{"byteOffset":200,"byteLength":44},"keyValueData":{"byteOffset":244,"byteLength":144},"supercompressionGlobalData":{"byteOffset":0,"byteLength":0},"levels":[{"byteOffset":1184,"byteLength":1008,"uncompressedByteLength":1008},{"byteOffset":736,"byteLength":448,"uncompressedByteLength":448},{"byteOffset":624,"byteLength":112,"uncompressedByteLength":112},{"byteOffset":512,"byteLength":112,"uncompressedByteLength":112},{"byteOffset":400,"byteLength":112,"uncompressedByteLength":112}]},"dataFormatDescriptor":{"totalSize":44,"blocks":[{"descriptorType":"KHR_DF_KHR_DESCRIPTORTYPE_BASICFORMAT","vendorId":"KHR_DF_VENDORID_KHRONOS","descriptorBlockSize":40,"versionNumber":"KHR_DF_VERSIONNUMBER_1_3","flags":["KHR_DF_FLAG_ALPHA_STRAIGHT"],"transferFunction":"KHR_DF_TRANSFER_SRGB","colorPrimaries":"KHR_DF_PRIMARIES_BT709","colorModel":"KHR_DF_MODEL_ASTC","texelBlockDimension":[6,6,1,1],"bytesPlane":[16,0,0,0,0,0,0,0],"samples":[{"qualifiers":[],"channelType":"KHR_DF_CHANNEL_ASTC_DATA","bitLength":127,"bitOffset":0,"samplePosition":[0,0,0,0],"sampleLower":0,"sampleUpper":4294967295}]}]},"keyValueData":{"KTXorientation":"rd","KTXwriter":"toktx v4.0.__default__ / libktx v4.0.__default__","KTXwriterScParams":"--encode astc --astc_blk_d 6x6"}}