Header

identifier: «KTX 20»\r\n\x1A\n
vkFormat: VK_FORMAT_ASTC_6x6_SRGB_BLOCK
typeSize: 1
pixelWidth: 512
pixelHeight: 768
pixelDepth: 0
layerCount: 0
faceCount: 1
levelCount: 10
supercompressionScheme: KTX_SS_NONE
dataFormatDescriptor.byteOffset: 0x140
dataFormatDescriptor.byteLength: 44
keyValueData.byteOffset: 0x16c
keyValueData.byteLength: 164
supercompressionGlobalData.byteOffset: 0
supercompressionGlobalData.byteLength: 0

Level Index

Level0.byteOffset: 0xe940
Level0.byteLength: 176128
Level0.uncompressedByteLength: 176128
Level1.byteOffset: 0x3d40
Level1.byteLength: 44032
Level1.uncompressedByteLength: 44032
Level2.byteOffset: 0x1140
Level2.byteLength: 11264
Level2.uncompressedByteLength: 11264
Level3.byteOffset: 0x640
Level3.byteLength: 2816
Level3.uncompressedByteLength: 2816
Level4.byteOffset: 0x340
Level4.byteLength: 768
Level4.uncompressedByteLength: 768
Level5.byteOffset: 0x280
Level5.byteLength: 192
Level5.uncompressedByteLength: 192
Level6.byteOffset: 0x240
Level6.byteLength: 64
Level6.uncompressedByteLength: 64
Level7.byteOffset: 0x230
Level7.byteLength: 16
Level7.uncompressedByteLength: 16
Level8.byteOffset: 0x220
Level8.byteLength: 16
Level8.uncompressedByteLength: 16
Level9.byteOffset: 0x210
Level9.byteLength: 16
Level9.uncompressedByteLength: 16

Data Format Descriptor

DFD total bytes: 44
BDB descriptor type: KHR_DF_KHR_DESCRIPTORTYPE_BASICFORMAT
Vendor ID: KHR_DF_VENDORID_KHRONOS
Descriptor block size: 40 (1 sample)
VersionNumber: KHR_DF_VERSIONNUMBER_1_3
Flags: 0x0 (KHR_DF_FLAG_ALPHA_STRAIGHT)
Transfer: KHR_DF_TRANSFER_SRGB
Primaries: KHR_DF_PRIMARIES_BT709
Model: KHR_DF_MODEL_ASTC
Dimensions: 6, 6, 1, 1
Plane bytes: 16, 0, 0, 0, 0, 0, 0, 0
Sample 0:
    Qualifiers: 0x0 ()
    Channel Type: 0x0 (KHR_DF_CHANNEL_ASTC_DATA)
    Length: 128 bits Offset: 0
    Position: 0, 0, 0, 0
    Lower: 0x00000000
    Upper: 0xffffffff

Key/Value Data

KTXorientation: rd
KTXwriter: toktx v4.0.__default__ / libktx v4.0.__default__
KTXwriterScParams: --encode astc --astc_blk_d 6x6 --astc_quality medium
