Header

identifier: «KTX 20»\r\n\x1A\n
vkFormat: VK_FORMAT_ASTC_8x6_SRGB_BLOCK
typeSize: 1
pixelWidth: 2048
pixelHeight: 2048
pixelDepth: 0
layerCount: 0
faceCount: 1
levelCount: 12
supercompressionScheme: KTX_SS_NONE
dataFormatDescriptor.byteOffset: 0x170
dataFormatDescriptor.byteLength: 44
keyValueData.byteOffset: 0x19c
keyValueData.byteLength: 144
supercompressionGlobalData.byteOffset: 0
supercompressionGlobalData.byteLength: 0

Level Index

Level0.byteOffset: 0x725e0
Level0.byteLength: 1400832
Level0.uncompressedByteLength: 1400832
Level1.byteOffset: 0x1cde0
Level1.byteLength: 350208
Level1.uncompressedByteLength: 350208
Level2.byteOffset: 0x75e0
Level2.byteLength: 88064
Level2.uncompressedByteLength: 88064
Level3.byteOffset: 0x1fe0
Level3.byteLength: 22016
Level3.uncompressedByteLength: 22016
Level4.byteOffset: 0x9e0
Level4.byteLength: 5632
Level4.uncompressedByteLength: 5632
Level5.byteOffset: 0x460
Level5.byteLength: 1408
Level5.uncompressedByteLength: 1408
Level6.byteOffset: 0x2e0
Level6.byteLength: 384
Level6.uncompressedByteLength: 384
Level7.byteOffset: 0x280
Level7.byteLength: 96
Level7.uncompressedByteLength: 96
Level8.byteOffset: 0x260
Level8.byteLength: 32
Level8.uncompressedByteLength: 32
Level9.byteOffset: 0x250
Level9.byteLength: 16
Level9.uncompressedByteLength: 16
Level10.byteOffset: 0x240
Level10.byteLength: 16
Level10.uncompressedByteLength: 16
Level11.byteOffset: 0x230
Level11.byteLength: 16
Level11.uncompressedByteLength: 16

Data Format Descriptor

DFD total bytes: 44
BDB descriptor type: KHR_DF_KHR_DESCRIPTORTYPE_BASICFORMAT
Vendor ID: KHR_DF_VENDORID_KHRONOS
Descriptor block size: 40 (1 sample)
VersionNumber: KHR_DF_VERSIONNUMBER_1_3
Flags: 0x0 (KHR_DF_FLAG_ALPHA_STRAIGHT)
Transfer: KHR_DF_TRANSFER_SRGB
Primaries: KHR_DF_PRIMARIES_BT709
Model: KHR_DF_MODEL_ASTC
Dimensions: 8, 6, 1, 1
Plane bytes: 16, 0, 0, 0, 0, 0, 0, 0
Sample 0:
    Qualifiers: 0x0 ()
    Channel Type: 0x0 (KHR_DF_CHANNEL_ASTC_DATA)
    Length: 128 bits Offset: 0
    Position: 0, 0, 0, 0
    Lower: 0x00000000
    Upper: 0xffffffff

Key/Value Data

KTXorientation: rd
KTXwriter: toktx v4.0.__default__ / libktx v4.0.__default__
KTXwriterScParams: --encode astc --astc_blk_d 8x6
