Header

identifier: «KTX 20»\r\n\x1A\n
vkFormat: VK_FORMAT_ASTC_6x6_SRGB_BLOCK
typeSize: 1
pixelWidth: 2048
pixelHeight: 2048
pixelDepth: 0
layerCount: 0
faceCount: 6
levelCount: 12
supercompressionScheme: KTX_SS_NONE
dataFormatDescriptor.byteOffset: 0x170
dataFormatDescriptor.byteLength: 44
keyValueData.byteOffset: 0x19c
keyValueData.byteLength: 144
supercompressionGlobalData.byteOffset: 0
supercompressionGlobalData.byteLength: 0

Level Index

Level0.byteOffset: 0x3958d0
Level0.byteLength: 11228544
Level0.uncompressedByteLength: 11228544
Level1.byteOffset: 0xe8370
Level1.byteLength: 2807136
Level1.uncompressedByteLength: 2807136
Level2.byteOffset: 0x3adf0
Level2.byteLength: 710016
Level2.uncompressedByteLength: 710016
Level3.byteOffset: 0xf890
Level3.byteLength: 177504
Level3.uncompressedByteLength: 177504
Level4.byteOffset: 0x4310
Level4.byteLength: 46464
Level4.uncompressedByteLength: 46464
Level5.byteOffset: 0x15b0
Level5.byteLength: 11616
Level5.uncompressedByteLength: 11616
Level6.byteOffset: 0x830
Level6.byteLength: 3456
Level6.uncompressedByteLength: 3456
Level7.byteOffset: 0x4d0
Level7.byteLength: 864
Level7.uncompressedByteLength: 864
Level8.byteOffset: 0x350
Level8.byteLength: 384
Level8.uncompressedByteLength: 384
Level9.byteOffset: 0x2f0
Level9.byteLength: 96
Level9.uncompressedByteLength: 96
Level10.byteOffset: 0x290
Level10.byteLength: 96
Level10.uncompressedByteLength: 96
Level11.byteOffset: 0x230
Level11.byteLength: 96
Level11.uncompressedByteLength: 96

Data Format Descriptor

DFD total bytes: 44
BDB descriptor type: KHR_DF_KHR_DESCRIPTORTYPE_BASICFORMAT
Vendor ID: KHR_DF_VENDORID_KHRONOS
Descriptor block size: 40 (1 sample)
VersionNumber: KHR_DF_VERSIONNUMBER_1_3
Flags: 0x0 (KHR_DF_FLAG_ALPHA_STRAIGHT)
Transfer: KHR_DF_TRANSFER_SRGB
Primaries: KHR_DF_PRIMARIES_BT709
Model: KHR_DF_MODEL_ASTC
Dimensions: 6, 6, 1, 1
Plane bytes: 16, 0, 0, 0, 0, 0, 0, 0
Sample 0:
    Qualifiers: 0x0 ()
    Channel Type: 0x0 (KHR_DF_CHANNEL_ASTC_DATA)
    Length: 128 bits Offset: 0
    Position: 0, 0, 0, 0
    Lower: 0x00000000
    Upper: 0xffffffff

Key/Value Data

KTXorientation: rd
KTXwriter: toktx v4.0.__default__ / libktx v4.0.__default__
KTXwriterScParams: --encode astc --astc_blk_d 6x6
