{
    "$id": "ktx-schema-url-1.0",
    "header": {
        "identifier": "«KTX 20»\r\n\x1A\n",
        "vkFormat": "VK_FORMAT_UNDEFINED",
        "typeSize": 1,
        "pixelWidth": 648,
        "pixelHeight": 1152,
        "pixelDepth": 0,
        "layerCount": 0,
        "faceCount": 1,
        "levelCount": 11,
        "supercompressionScheme": "KTX_SS_ZSTD"
    },
    "index": {
        "dataFormatDescriptor": {
            "byteOffset": 344,
            "byteLength": 44
        },
        "keyValueData": {
            "byteOffset": 388,
            "byteLength": 128
        },
        "supercompressionGlobalData": {
            "byteOffset": 0,
            "byteLength": 0
        },
        "levels": [
            {
                "byteOffset": 242817,
                "byteLength": 697642,
                "uncompressedByteLength": 746496
            },
            {
                "byteOffset": 63016,
                "byteLength": 179801,
                "uncompressedByteLength": 186624
            },
            {
                "byteOffset": 16671,
                "byteLength": 46345,
                "uncompressedByteLength": 47232
            },
            {
                "byteOffset": 4565,
                "byteLength": 12106,
                "uncompressedByteLength": 12096
            },
            {
                "byteOffset": 1675,
                "byteLength": 2890,
                "uncompressedByteLength": 2880
            },
            {
                "byteOffset": 945,
                "byteLength": 730,
                "uncompressedByteLength": 720
            },
            {
                "byteOffset": 696,
                "byteLength": 249,
                "uncompressedByteLength": 240
            },
            {
                "byteOffset": 591,
                "byteLength": 105,
                "uncompressedByteLength": 96
            },
            {
                "byteOffset": 566,
                "byteLength": 25,
                "uncompressedByteLength": 16
            },
            {
                "byteOffset": 541,
                "byteLength": 25,
                "uncompressedByteLength": 16
            },
            {
                "byteOffset": 516,
                "byteLength": 25,
                "uncompressedByteLength": 16
            }
        ]
    },
    "dataFormatDescriptor": {
        "totalSize": 44,
        "blocks": [
            {
                "descriptorType": "KHR_DF_KHR_DESCRIPTORTYPE_BASICFORMAT",
                "vendorId": "KHR_DF_VENDORID_KHRONOS",
                "descriptorBlockSize": 40,
                "versionNumber": "KHR_DF_VERSIONNUMBER_1_3",
                "flags": [
                    "KHR_DF_FLAG_ALPHA_STRAIGHT"
                ],
                "transferFunction": "KHR_DF_TRANSFER_SRGB",
                "colorPrimaries": "KHR_DF_PRIMARIES_BT709",
                "colorModel": "KHR_DF_MODEL_UASTC",
                "texelBlockDimension": [4, 4, 1, 1],
                "bytesPlane": [0, 0, 0, 0, 0, 0, 0, 0],
                "samples": [
                    {
                        "qualifiers": [],
                        "channelType": "KHR_DF_CHANNEL_UASTC_RGB",
                        "bitLength": 127,
                        "bitOffset": 0,
                        "samplePosition": [0, 0, 0, 0],
                        "sampleLower": 0,
                        "sampleUpper": 4294967295
                    }
                ]
            }
        ]
    },
    "keyValueData": {
        "KTXorientation": "rd",
        "KTXwriter": "toktx v4.0.__default__ / libktx v4.0.__default__",
        "KTXwriterScParams": "--zcmp --uastc"
    }
}
