{
    "$id": "ktx-schema-url-1.0",
    "header": {
        "identifier": "«KTX 20»\r\n\x1A\n",
        "vkFormat": "VK_FORMAT_UNDEFINED",
        "typeSize": 1,
        "pixelWidth": 648,
        "pixelHeight": 1152,
        "pixelDepth": 0,
        "layerCount": 0,
        "faceCount": 1,
        "levelCount": 11,
        "supercompressionScheme": "KTX_SS_NONE"
    },
    "index": {
        "dataFormatDescriptor": {
            "byteOffset": 344,
            "byteLength": 44
        },
        "keyValueData": {
            "byteOffset": 388,
            "byteLength": 120
        },
        "supercompressionGlobalData": {
            "byteOffset": 0,
            "byteLength": 0
        },
        "levels": [
            {
                "byteOffset": 250448,
                "byteLength": 746496,
                "uncompressedByteLength": 746496
            },
            {
                "byteOffset": 63824,
                "byteLength": 186624,
                "uncompressedByteLength": 186624
            },
            {
                "byteOffset": 16592,
                "byteLength": 47232,
                "uncompressedByteLength": 47232
            },
            {
                "byteOffset": 4496,
                "byteLength": 12096,
                "uncompressedByteLength": 12096
            },
            {
                "byteOffset": 1616,
                "byteLength": 2880,
                "uncompressedByteLength": 2880
            },
            {
                "byteOffset": 896,
                "byteLength": 720,
                "uncompressedByteLength": 720
            },
            {
                "byteOffset": 656,
                "byteLength": 240,
                "uncompressedByteLength": 240
            },
            {
                "byteOffset": 560,
                "byteLength": 96,
                "uncompressedByteLength": 96
            },
            {
                "byteOffset": 544,
                "byteLength": 16,
                "uncompressedByteLength": 16
            },
            {
                "byteOffset": 528,
                "byteLength": 16,
                "uncompressedByteLength": 16
            },
            {
                "byteOffset": 512,
                "byteLength": 16,
                "uncompressedByteLength": 16
            }
        ]
    },
    "dataFormatDescriptor": {
        "totalSize": 44,
        "blocks": [
            {
                "descriptorType": "KHR_DF_KHR_DESCRIPTORTYPE_BASICFORMAT",
                "vendorId": "KHR_DF_VENDORID_KHRONOS",
                "descriptorBlockSize": 40,
                "versionNumber": "KHR_DF_VERSIONNUMBER_1_3",
                "flags": [
                    "KHR_DF_FLAG_ALPHA_STRAIGHT"
                ],
                "transferFunction": "KHR_DF_TRANSFER_SRGB",
                "colorPrimaries": "KHR_DF_PRIMARIES_BT709",
                "colorModel": "KHR_DF_MODEL_UASTC",
                "texelBlockDimension": [4, 4, 1, 1],
                "bytesPlane": [16, 0, 0, 0, 0, 0, 0, 0],
                "samples": [
                    {
                        "qualifiers": [],
                        "channelType": "KHR_DF_CHANNEL_UASTC_RGB",
                        "bitLength": 127,
                        "bitOffset": 0,
                        "samplePosition": [0, 0, 0, 0],
                        "sampleLower": 0,
                        "sampleUpper": 4294967295
                    }
                ]
            }
        ]
    },
    "keyValueData": {
        "KTXorientation": "rd",
        "KTXwriter": "toktx v4.0.__default__ / libktx v4.0.__default__",
        "KTXwriterScParams": "--uastc"
    }
}
