Header

identifier: «KTX 20»\r\n\x1A\n
vkFormat: VK_FORMAT_UNDEFINED
typeSize: 1
pixelWidth: 648
pixelHeight: 1152
pixelDepth: 0
layerCount: 0
faceCount: 1
levelCount: 11
supercompressionScheme: KTX_SS_ZSTD
dataFormatDescriptor.byteOffset: 0x158
dataFormatDescriptor.byteLength: 44
keyValueData.byteOffset: 0x184
keyValueData.byteLength: 128
supercompressionGlobalData.byteOffset: 0
supercompressionGlobalData.byteLength: 0

Level Index

Level0.byteOffset: 0x3b481
Level0.byteLength: 697642
Level0.uncompressedByteLength: 746496
Level1.byteOffset: 0xf628
Level1.byteLength: 179801
Level1.uncompressedByteLength: 186624
Level2.byteOffset: 0x411f
Level2.byteLength: 46345
Level2.uncompressedByteLength: 47232
Level3.byteOffset: 0x11d5
Level3.byteLength: 12106
Level3.uncompressedByteLength: 12096
Level4.byteOffset: 0x68b
Level4.byteLength: 2890
Level4.uncompressedByteLength: 2880
Level5.byteOffset: 0x3b1
Level5.byteLength: 730
Level5.uncompressedByteLength: 720
Level6.byteOffset: 0x2b8
Level6.byteLength: 249
Level6.uncompressedByteLength: 240
Level7.byteOffset: 0x24f
Level7.byteLength: 105
Level7.uncompressedByteLength: 96
Level8.byteOffset: 0x236
Level8.byteLength: 25
Level8.uncompressedByteLength: 16
Level9.byteOffset: 0x21d
Level9.byteLength: 25
Level9.uncompressedByteLength: 16
Level10.byteOffset: 0x204
Level10.byteLength: 25
Level10.uncompressedByteLength: 16

Data Format Descriptor

DFD total bytes: 44
BDB descriptor type: KHR_DF_KHR_DESCRIPTORTYPE_BASICFORMAT
Vendor ID: KHR_DF_VENDORID_KHRONOS
Descriptor block size: 40 (1 sample)
VersionNumber: KHR_DF_VERSIONNUMBER_1_3
Flags: 0x0 (KHR_DF_FLAG_ALPHA_STRAIGHT)
Transfer: KHR_DF_TRANSFER_SRGB
Primaries: KHR_DF_PRIMARIES_BT709
Model: KHR_DF_MODEL_UASTC
Dimensions: 4, 4, 1, 1
Plane bytes: 0, 0, 0, 0, 0, 0, 0, 0
Sample 0:
    Qualifiers: 0x0 ()
    Channel Type: 0x0 (KHR_DF_CHANNEL_UASTC_RGB)
    Length: 128 bits Offset: 0
    Position: 0, 0, 0, 0
    Lower: 0x00000000
    Upper: 0xffffffff

Key/Value Data

KTXorientation: rd
KTXwriter: toktx v4.0.__default__ / libktx v4.0.__default__
KTXwriterScParams: --zcmp --uastc
