{
    "$id": "ktx-schema-url-1.0",
    "header": {
        "identifier": "«KTX 20»\r\n\x1A\n",
        "vkFormat": "VK_FORMAT_UNDEFINED",
        "typeSize": 1,
        "pixelWidth": 1024,
        "pixelHeight": 1024,
        "pixelDepth": 0,
        "layerCount": 0,
        "faceCount": 1,
        "levelCount": 1,
        "supercompressionScheme": "KTX_SS_BASIS_LZ"
    },
    "index": {
        "dataFormatDescriptor": {
            "byteOffset": 104,
            "byteLength": 44
        },
        "keyValueData": {
            "byteOffset": 148,
            "byteLength": 120
        },
        "supercompressionGlobalData": {
            "byteOffset": 272,
            "byteLength": 7249
        },
        "levels": [
            {
                "byteOffset": 7521,
                "byteLength": 63599,
                "uncompressedByteLength": 0
            }
        ]
    },
    "dataFormatDescriptor": {
        "totalSize": 44,
        "blocks": [
            {
                "descriptorType": "KHR_DF_KHR_DESCRIPTORTYPE_BASICFORMAT",
                "vendorId": "KHR_DF_VENDORID_KHRONOS",
                "descriptorBlockSize": 40,
                "versionNumber": "KHR_DF_VERSIONNUMBER_1_3",
                "flags": [
                    "KHR_DF_FLAG_ALPHA_STRAIGHT"
                ],
                "transferFunction": "KHR_DF_TRANSFER_SRGB",
                "colorPrimaries": "KHR_DF_PRIMARIES_BT709",
                "colorModel": "KHR_DF_MODEL_ETC1S",
                "texelBlockDimension": [4, 4, 1, 1],
                "bytesPlane": [0, 0, 0, 0, 0, 0, 0, 0],
                "samples": [
                    {
                        "qualifiers": [],
                        "channelType": "KHR_DF_CHANNEL_ETC1S_RGB",
                        "bitLength": 63,
                        "bitOffset": 0,
                        "samplePosition": [0, 0, 0, 0],
                        "sampleLower": 0,
                        "sampleUpper": 4294967295
                    }
                ]
            }
        ]
    },
    "keyValueData": {
        "KTXorientation": "rd",
        "KTXwriter": "toktx v4.0.__default__ / libktx v4.0.__default__",
        "KTXwriterScParams": "--bcmp"
    },
    "supercompressionGlobalData": {
        "type": "KTX_SS_BASIS_LZ",
        "endpointCount": 1991,
        "selectorCount": 1293,
        "endpointsByteLength": 3911,
        "selectorsByteLength": 2067,
        "tablesByteLength": 1231,
        "extendedByteLength": 0,
        "images": [
            {
                "imageFlags": [],
                "rgbSliceByteLength": 63599,
                "rgbSliceByteOffset": 0,
                "alphaSliceByteLength": 0,
                "alphaSliceByteOffset": 0
            }
        ]
    }
}
