Header

identifier: «KTX 20»\r\n\x1A\n
vkFormat: VK_FORMAT_UNDEFINED
typeSize: 1
pixelWidth: 1024
pixelHeight: 1024
pixelDepth: 0
layerCount: 0
faceCount: 6
levelCount: 11
supercompressionScheme: KTX_SS_ZSTD
dataFormatDescriptor.byteOffset: 0x158
dataFormatDescriptor.byteLength: 44
keyValueData.byteOffset: 0x184
keyValueData.byteLength: 144
supercompressionGlobalData.byteOffset: 0
supercompressionGlobalData.byteLength: 0

Level Index

Level0.byteOffset: 0x104026
Level0.byteLength: 2978749
Level0.uncompressedByteLength: 6291456
Level1.byteOffset: 0x46723
Level1.byteLength: 776451
Level1.uncompressedByteLength: 1572864
Level2.byteOffset: 0x13653
Level2.byteLength: 209104
Level2.uncompressedByteLength: 393216
Level3.byteOffset: 0x5896
Level3.byteLength: 56765
Level3.uncompressedByteLength: 98304
Level4.byteOffset: 0x1af3
Level4.byteLength: 15779
Level4.uncompressedByteLength: 24576
Level5.byteOffset: 0x9ed
Level5.byteLength: 4358
Level5.uncompressedByteLength: 6144
Level6.byteOffset: 0x4ad
Level6.byteLength: 1344
Level6.uncompressedByteLength: 1536
Level7.byteOffset: 0x32f
Level7.byteLength: 382
Level7.uncompressedByteLength: 384
Level8.byteOffset: 0x2c6
Level8.byteLength: 105
Level8.uncompressedByteLength: 96
Level9.byteOffset: 0x25d
Level9.byteLength: 105
Level9.uncompressedByteLength: 96
Level10.byteOffset: 0x214
Level10.byteLength: 73
Level10.uncompressedByteLength: 96

Data Format Descriptor

DFD total bytes: 44
BDB descriptor type: KHR_DF_KHR_DESCRIPTORTYPE_BASICFORMAT
Vendor ID: KHR_DF_VENDORID_KHRONOS
Descriptor block size: 40 (1 sample)
VersionNumber: KHR_DF_VERSIONNUMBER_1_3
Flags: 0x0 (KHR_DF_FLAG_ALPHA_STRAIGHT)
Transfer: KHR_DF_TRANSFER_SRGB
Primaries: KHR_DF_PRIMARIES_BT709
Model: KHR_DF_MODEL_UASTC
Dimensions: 4, 4, 1, 1
Plane bytes: 0, 0, 0, 0, 0, 0, 0, 0
Sample 0:
    Qualifiers: 0x0 ()
    Channel Type: 0x0 (KHR_DF_CHANNEL_UASTC_RGB)
    Length: 128 bits Offset: 0
    Position: 0, 0, 0, 0
    Lower: 0x00000000
    Upper: 0xffffffff

Key/Value Data

KTXorientation: rd
KTXwriter: toktx v4.0.__default__ / libktx v4.0.__default__
KTXwriterScParams: --uastc --uastc_rdo_l 4 --zcmp 5
