{"$id":"ktx-schema-url-1.0","header":{"identifier":"«KTX 20»\r\n\x1A\n","vkFormat":"VK_FORMAT_UNDEFINED","typeSize":1,"pixelWidth":2048,"pixelHeight":2048,"pixelDepth":0,"layerCount":0,"faceCount":6,"levelCount":12,"supercompressionScheme":"KTX_SS_BASIS_LZ"},"index":{"dataFormatDescriptor":{"byteOffset":368,"byteLength":44},"keyValueData":{"byteOffset":412,"byteLength":120},"supercompressionGlobalData":{"byteOffset":536,"byteLength":12316},"levels":[{"byteOffset":702295,"byteLength":1919075,"uncompressedByteLength":0},{"byteOffset":192242,"byteLength":510053,"uncompressedByteLength":0},{"byteOffset":61015,"byteLength":131227,"uncompressedByteLength":0},{"byteOffset":26611,"byteLength":34404,"uncompressedByteLength":0},{"byteOffset":16973,"byteLength":9638,"uncompressedByteLength":0},{"byteOffset":14101,"byteLength":2872,"uncompressedByteLength":0},{"byteOffset":13264,"byteLength":837,"uncompressedByteLength":0},{"byteOffset":13007,"byteLength":257,"uncompressedByteLength":0},{"byteOffset":12934,"byteLength":73,"uncompressedByteLength":0},{"byteOffset":12906,"byteLength":28,"uncompressedByteLength":0},{"byteOffset":12879,"byteLength":27,"uncompressedByteLength":0},{"byteOffset":12852,"byteLength":27,"uncompressedByteLength":0}]},"dataFormatDescriptor":{"totalSize":44,"blocks":[{"descriptorType":"KHR_DF_KHR_DESCRIPTORTYPE_BASICFORMAT","vendorId":"KHR_DF_VENDORID_KHRONOS","descriptorBlockSize":40,"versionNumber":"KHR_DF_VERSIONNUMBER_1_3","flags":["KHR_DF_FLAG_ALPHA_STRAIGHT"],"transferFunction":"KHR_DF_TRANSFER_SRGB","colorPrimaries":"KHR_DF_PRIMARIES_BT709","colorModel":"KHR_DF_MODEL_ETC1S","texelBlockDimension":[4,4,1,1],"bytesPlane":[0,0,0,0,0,0,0,0],"samples":[{"qualifiers":[],"channelType":"KHR_DF_CHANNEL_ETC1S_RGB","bitLength":63,"bitOffset":0,"samplePosition":[0,0,0,0],"sampleLower":0,"sampleUpper":4294967295}]}]},"keyValueData":{"KTXorientation":"rd","KTXwriter":"toktx v4.0.__default__ / libktx v4.0.__default__","KTXwriterScParams":"--bcmp"},"supercompressionGlobalData":{"type":"KTX_SS_BASIS_LZ","endpointCount":2275,"selectorCount":2664,"endpointsByteLength":4367,"selectorsByteLength":4976,"tablesByteLength":1513,"extendedByteLength":0,"images":[{"imageFlags":[],"rgbSliceByteLength":378627,"rgbSliceByteOffset":0,"alphaSliceByteLength":0,"alphaSliceByteOffset":0},{"imageFlags":[],"rgbSliceByteLength":361875,"rgbSliceByteOffset":378627,"alphaSliceByteLength":0,"alphaSliceByteOffset":0},{"imageFlags":[],"rgbSliceByteLength":187061,"rgbSliceByteOffset":740502,"alphaSliceByteLength":0,"alphaSliceByteOffset":0},{"imageFlags":[],"rgbSliceByteLength":366549,"rgbSliceByteOffset":927563,"alphaSliceByteLength":0,"alphaSliceByteOffset":0},{"imageFlags":[],"rgbSliceByteLength":302292,"rgbSliceByteOffset":1294112,"alphaSliceByteLength":0,"alphaSliceByteOffset":0},{"imageFlags":[],"rgbSliceByteLength":322671,"rgbSliceByteOffset":1596404,"alphaSliceByteLength":0,"alphaSliceByteOffset":0},{"imageFlags":[],"rgbSliceByteLength":102765,"rgbSliceByteOffset":0,"alphaSliceByteLength":0,"alphaSliceByteOffset":0},{"imageFlags":[],"rgbSliceByteLength":97119,"rgbSliceByteOffset":102765,"alphaSliceByteLength":0,"alphaSliceByteOffset":0},{"imageFlags":[],"rgbSliceByteLength":44623,"rgbSliceByteOffset":199884,"alphaSliceByteLength":0,"alphaSliceByteOffset":0},{"imageFlags":[],"rgbSliceByteLength":97920,"rgbSliceByteOffset":244507,"alphaSliceByteLength":0,"alphaSliceByteOffset":0},{"imageFlags":[],"rgbSliceByteLength":80387,"rgbSliceByteOffset":342427,"alphaSliceByteLength":0,"alphaSliceByteOffset":0},{"imageFlags":[],"rgbSliceByteLength":87239,"rgbSliceByteOffset":422814,"alphaSliceByteLength":0,"alphaSliceByteOffset":0},{"imageFlags":[],"rgbSliceByteLength":27366,"rgbSliceByteOffset":0,"alphaSliceByteLength":0,"alphaSliceByteOffset":0},{"imageFlags":[],"rgbSliceByteLength":25613,"rgbSliceByteOffset":27366,"alphaSliceByteLength":0,"alphaSliceByteOffset":0},{"imageFlags":[],"rgbSliceByteLength":11398,"rgbSliceByteOffset":52979,"alphaSliceByteLength":0,"alphaSliceByteOffset":0},{"imageFlags":[],"rgbSliceByteLength":22634,"rgbSliceByteOffset":64377,"alphaSliceByteLength":0,"alphaSliceByteOffset":0},{"imageFlags":[],"rgbSliceByteLength":20920,"rgbSliceByteOffset":87011,"alphaSliceByteLength":0,"alphaSliceByteOffset":0},{"imageFlags":[],"rgbSliceByteLength":23296,"rgbSliceByteOffset":107931,"alphaSliceByteLength":0,"alphaSliceByteOffset":0},{"imageFlags":[],"rgbSliceByteLength":7461,"rgbSliceByteOffset":0,"alphaSliceByteLength":0,"alphaSliceByteOffset":0},{"imageFlags":[],"rgbSliceByteLength":6878,"rgbSliceByteOffset":7461,"alphaSliceByteLength":0,"alphaSliceByteOffset":0},{"imageFlags":[],"rgbSliceByteLength":3203,"rgbSliceByteOffset":14339,"alphaSliceByteLength":0,"alphaSliceByteOffset":0},{"imageFlags":[],"rgbSliceByteLength":5089,"rgbSliceByteOffset":17542,"alphaSliceByteLength":0,"alphaSliceByteOffset":0},{"imageFlags":[],"rgbSliceByteLength":5655,"rgbSliceByteOffset":22631,"alphaSliceByteLength":0,"alphaSliceByteOffset":0},{"imageFlags":[],"rgbSliceByteLength":6118,"rgbSliceByteOffset":28286,"alphaSliceByteLength":0,"alphaSliceByteOffset":0},{"imageFlags":[],"rgbSliceByteLength":2118,"rgbSliceByteOffset":0,"alphaSliceByteLength":0,"alphaSliceByteOffset":0},{"imageFlags":[],"rgbSliceByteLength":1914,"rgbSliceByteOffset":2118,"alphaSliceByteLength":0,"alphaSliceByteOffset":0},{"imageFlags":[],"rgbSliceByteLength":973,"rgbSliceByteOffset":4032,"alphaSliceByteLength":0,"alphaSliceByteOffset":0},{"imageFlags":[],"rgbSliceByteLength":1298,"rgbSliceByteOffset":5005,"alphaSliceByteLength":0,"alphaSliceByteOffset":0},{"imageFlags":[],"rgbSliceByteLength":1624,"rgbSliceByteOffset":6303,"alphaSliceByteLength":0,"alphaSliceByteOffset":0},{"imageFlags":[],"rgbSliceByteLength":1711,"rgbSliceByteOffset":7927,"alphaSliceByteLength":0,"alphaSliceByteOffset":0},{"imageFlags":[],"rgbSliceByteLength":631,"rgbSliceByteOffset":0,"alphaSliceByteLength":0,"alphaSliceByteOffset":0},{"imageFlags":[],"rgbSliceByteLength":584,"rgbSliceByteOffset":631,"alphaSliceByteLength":0,"alphaSliceByteOffset":0},{"imageFlags":[],"rgbSliceByteLength":306,"rgbSliceByteOffset":1215,"alphaSliceByteLength":0,"alphaSliceByteOffset":0},{"imageFlags":[],"rgbSliceByteLength":374,"rgbSliceByteOffset":1521,"alphaSliceByteLength":0,"alphaSliceByteOffset":0},{"imageFlags":[],"rgbSliceByteLength":475,"rgbSliceByteOffset":1895,"alphaSliceByteLength":0,"alphaSliceByteOffset":0},{"imageFlags":[],"rgbSliceByteLength":502,"rgbSliceByteOffset":2370,"alphaSliceByteLength":0,"alphaSliceByteOffset":0},{"imageFlags":[],"rgbSliceByteLength":165,"rgbSliceByteOffset":0,"alphaSliceByteLength":0,"alphaSliceByteOffset":0},{"imageFlags":[],"rgbSliceByteLength":163,"rgbSliceByteOffset":165,"alphaSliceByteLength":0,"alphaSliceByteOffset":0},{"imageFlags":[],"rgbSliceByteLength":98,"rgbSliceByteOffset":328,"alphaSliceByteLength":0,"alphaSliceByteOffset":0},{"imageFlags":[],"rgbSliceByteLength":113,"rgbSliceByteOffset":426,"alphaSliceByteLength":0,"alphaSliceByteOffset":0},{"imageFlags":[],"rgbSliceByteLength":140,"rgbSliceByteOffset":539,"alphaSliceByteLength":0,"alphaSliceByteOffset":0},{"imageFlags":[],"rgbSliceByteLength":158,"rgbSliceByteOffset":679,"alphaSliceByteLength":0,"alphaSliceByteOffset":0},{"imageFlags":[],"rgbSliceByteLength":47,"rgbSliceByteOffset":0,"alphaSliceByteLength":0,"alphaSliceByteOffset":0},{"imageFlags":[],"rgbSliceByteLength":46,"rgbSliceByteOffset":47,"alphaSliceByteLength":0,"alphaSliceByteOffset":0},{"imageFlags":[],"rgbSliceByteLength":37,"rgbSliceByteOffset":93,"alphaSliceByteLength":0,"alphaSliceByteOffset":0},{"imageFlags":[],"rgbSliceByteLength":33,"rgbSliceByteOffset":130,"alphaSliceByteLength":0,"alphaSliceByteOffset":0},{"imageFlags":[],"rgbSliceByteLength":48,"rgbSliceByteOffset":163,"alphaSliceByteLength":0,"alphaSliceByteOffset":0},{"imageFlags":[],"rgbSliceByteLength":46,"rgbSliceByteOffset":211,"alphaSliceByteLength":0,"alphaSliceByteOffset":0},{"imageFlags":[],"rgbSliceByteLength":13,"rgbSliceByteOffset":0,"alphaSliceByteLength":0,"alphaSliceByteOffset":0},{"imageFlags":[],"rgbSliceByteLength":13,"rgbSliceByteOffset":13,"alphaSliceByteLength":0,"alphaSliceByteOffset":0},{"imageFlags":[],"rgbSliceByteLength":11,"rgbSliceByteOffset":26,"alphaSliceByteLength":0,"alphaSliceByteOffset":0},{"imageFlags":[],"rgbSliceByteLength":9,"rgbSliceByteOffset":37,"alphaSliceByteLength":0,"alphaSliceByteOffset":0},{"imageFlags":[],"rgbSliceByteLength":13,"rgbSliceByteOffset":46,"alphaSliceByteLength":0,"alphaSliceByteOffset":0},{"imageFlags":[],"rgbSliceByteLength":14,"rgbSliceByteOffset":59,"alphaSliceByteLength":0,"alphaSliceByteOffset":0},{"imageFlags":[],"rgbSliceByteLength":5,"rgbSliceByteOffset":0,"alphaSliceByteLength":0,"alphaSliceByteOffset":0},{"imageFlags":[],"rgbSliceByteLength":5,"rgbSliceByteOffset":5,"alphaSliceByteLength":0,"alphaSliceByteOffset":0},{"imageFlags":[],"rgbSliceByteLength":4,"rgbSliceByteOffset":10,"alphaSliceByteLength":0,"alphaSliceByteOffset":0},{"imageFlags":[],"rgbSliceByteLength":5,"rgbSliceByteOffset":14,"alphaSliceByteLength":0,"alphaSliceByteOffset":0},{"imageFlags":[],"rgbSliceByteLength":4,"rgbSliceByteOffset":19,"alphaSliceByteLength":0,"alphaSliceByteOffset":0},{"imageFlags":[],"rgbSliceByteLength":5,"rgbSliceByteOffset":23,"alphaSliceByteLength":0,"alphaSliceByteOffset":0},{"imageFlags":[],"rgbSliceByteLength":5,"rgbSliceByteOffset":0,"alphaSliceByteLength":0,"alphaSliceByteOffset":0},{"imageFlags":[],"rgbSliceByteLength":4,"rgbSliceByteOffset":5,"alphaSliceByteLength":0,"alphaSliceByteOffset":0},{"imageFlags":[],"rgbSliceByteLength":4,"rgbSliceByteOffset":9,"alphaSliceByteLength":0,"alphaSliceByteOffset":0},{"imageFlags":[],"rgbSliceByteLength":5,"rgbSliceByteOffset":13,"alphaSliceByteLength":0,"alphaSliceByteOffset":0},{"imageFlags":[],"rgbSliceByteLength":4,"rgbSliceByteOffset":18,"alphaSliceByteLength":0,"alphaSliceByteOffset":0},{"imageFlags":[],"rgbSliceByteLength":5,"rgbSliceByteOffset":22,"alphaSliceByteLength":0,"alphaSliceByteOffset":0},{"imageFlags":[],"rgbSliceByteLength":4,"rgbSliceByteOffset":0,"alphaSliceByteLength":0,"alphaSliceByteOffset":0},{"imageFlags":[],"rgbSliceByteLength":5,"rgbSliceByteOffset":4,"alphaSliceByteLength":0,"alphaSliceByteOffset":0},{"imageFlags":[],"rgbSliceByteLength":4,"rgbSliceByteOffset":9,"alphaSliceByteLength":0,"alphaSliceByteOffset":0},{"imageFlags":[],"rgbSliceByteLength":5,"rgbSliceByteOffset":13,"alphaSliceByteLength":0,"alphaSliceByteOffset":0},{"imageFlags":[],"rgbSliceByteLength":5,"rgbSliceByteOffset":18,"alphaSliceByteLength":0,"alphaSliceByteOffset":0},{"imageFlags":[],"rgbSliceByteLength":4,"rgbSliceByteOffset":23,"alphaSliceByteLength":0,"alphaSliceByteOffset":0}]}}