Header

identifier: «KTX 20»\r\n\x1A\n
vkFormat: VK_FORMAT_UNDEFINED
typeSize: 1
pixelWidth: 2048
pixelHeight: 2048
pixelDepth: 0
layerCount: 0
faceCount: 6
levelCount: 12
supercompressionScheme: KTX_SS_BASIS_LZ
dataFormatDescriptor.byteOffset: 0x170
dataFormatDescriptor.byteLength: 44
keyValueData.byteOffset: 0x19c
keyValueData.byteLength: 120
supercompressionGlobalData.byteOffset: 0x218
supercompressionGlobalData.byteLength: 12316

Level Index

Level0.byteOffset: 0xab757
Level0.byteLength: 1919075
Level0.uncompressedByteLength: 0
Level1.byteOffset: 0x2eef2
Level1.byteLength: 510053
Level1.uncompressedByteLength: 0
Level2.byteOffset: 0xee57
Level2.byteLength: 131227
Level2.uncompressedByteLength: 0
Level3.byteOffset: 0x67f3
Level3.byteLength: 34404
Level3.uncompressedByteLength: 0
Level4.byteOffset: 0x424d
Level4.byteLength: 9638
Level4.uncompressedByteLength: 0
Level5.byteOffset: 0x3715
Level5.byteLength: 2872
Level5.uncompressedByteLength: 0
Level6.byteOffset: 0x33d0
Level6.byteLength: 837
Level6.uncompressedByteLength: 0
Level7.byteOffset: 0x32cf
Level7.byteLength: 257
Level7.uncompressedByteLength: 0
Level8.byteOffset: 0x3286
Level8.byteLength: 73
Level8.uncompressedByteLength: 0
Level9.byteOffset: 0x326a
Level9.byteLength: 28
Level9.uncompressedByteLength: 0
Level10.byteOffset: 0x324f
Level10.byteLength: 27
Level10.uncompressedByteLength: 0
Level11.byteOffset: 0x3234
Level11.byteLength: 27
Level11.uncompressedByteLength: 0

Data Format Descriptor

DFD total bytes: 44
BDB descriptor type: KHR_DF_KHR_DESCRIPTORTYPE_BASICFORMAT
Vendor ID: KHR_DF_VENDORID_KHRONOS
Descriptor block size: 40 (1 sample)
VersionNumber: KHR_DF_VERSIONNUMBER_1_3
Flags: 0x0 (KHR_DF_FLAG_ALPHA_STRAIGHT)
Transfer: KHR_DF_TRANSFER_SRGB
Primaries: KHR_DF_PRIMARIES_BT709
Model: KHR_DF_MODEL_ETC1S
Dimensions: 4, 4, 1, 1
Plane bytes: 0, 0, 0, 0, 0, 0, 0, 0
Sample 0:
    Qualifiers: 0x0 ()
    Channel Type: 0x0 (KHR_DF_CHANNEL_ETC1S_RGB)
    Length: 64 bits Offset: 0
    Position: 0, 0, 0, 0
    Lower: 0x00000000
    Upper: 0xffffffff

Key/Value Data

KTXorientation: rd
KTXwriter: toktx v4.0.__default__ / libktx v4.0.__default__
KTXwriterScParams: --bcmp

Basis Supercompression Global Data

endpointCount: 2275
selectorCount: 2664
endpointsByteLength: 4367
selectorsByteLength: 4976
tablesByteLength: 1513
extendedByteLength: 0

imageFlags: 0
rgbSliceByteLength: 378627
rgbSliceByteOffset: 0
alphaSliceByteLength: 0
alphaSliceByteOffset: 0

imageFlags: 0
rgbSliceByteLength: 361875
rgbSliceByteOffset: 0x5c703
alphaSliceByteLength: 0
alphaSliceByteOffset: 0

imageFlags: 0
rgbSliceByteLength: 187061
rgbSliceByteOffset: 0xb4c96
alphaSliceByteLength: 0
alphaSliceByteOffset: 0

imageFlags: 0
rgbSliceByteLength: 366549
rgbSliceByteOffset: 0xe274b
alphaSliceByteLength: 0
alphaSliceByteOffset: 0

imageFlags: 0
rgbSliceByteLength: 302292
rgbSliceByteOffset: 0x13bf20
alphaSliceByteLength: 0
alphaSliceByteOffset: 0

imageFlags: 0
rgbSliceByteLength: 322671
rgbSliceByteOffset: 0x185bf4
alphaSliceByteLength: 0
alphaSliceByteOffset: 0

imageFlags: 0
rgbSliceByteLength: 102765
rgbSliceByteOffset: 0
alphaSliceByteLength: 0
alphaSliceByteOffset: 0

imageFlags: 0
rgbSliceByteLength: 97119
rgbSliceByteOffset: 0x1916d
alphaSliceByteLength: 0
alphaSliceByteOffset: 0

imageFlags: 0
rgbSliceByteLength: 44623
rgbSliceByteOffset: 0x30ccc
alphaSliceByteLength: 0
alphaSliceByteOffset: 0

imageFlags: 0
rgbSliceByteLength: 97920
rgbSliceByteOffset: 0x3bb1b
alphaSliceByteLength: 0
alphaSliceByteOffset: 0

imageFlags: 0
rgbSliceByteLength: 80387
rgbSliceByteOffset: 0x5399b
alphaSliceByteLength: 0
alphaSliceByteOffset: 0

imageFlags: 0
rgbSliceByteLength: 87239
rgbSliceByteOffset: 0x6739e
alphaSliceByteLength: 0
alphaSliceByteOffset: 0

imageFlags: 0
rgbSliceByteLength: 27366
rgbSliceByteOffset: 0
alphaSliceByteLength: 0
alphaSliceByteOffset: 0

imageFlags: 0
rgbSliceByteLength: 25613
rgbSliceByteOffset: 0x6ae6
alphaSliceByteLength: 0
alphaSliceByteOffset: 0

imageFlags: 0
rgbSliceByteLength: 11398
rgbSliceByteOffset: 0xcef3
alphaSliceByteLength: 0
alphaSliceByteOffset: 0

imageFlags: 0
rgbSliceByteLength: 22634
rgbSliceByteOffset: 0xfb79
alphaSliceByteLength: 0
alphaSliceByteOffset: 0

imageFlags: 0
rgbSliceByteLength: 20920
rgbSliceByteOffset: 0x153e3
alphaSliceByteLength: 0
alphaSliceByteOffset: 0

imageFlags: 0
rgbSliceByteLength: 23296
rgbSliceByteOffset: 0x1a59b
alphaSliceByteLength: 0
alphaSliceByteOffset: 0

imageFlags: 0
rgbSliceByteLength: 7461
rgbSliceByteOffset: 0
alphaSliceByteLength: 0
alphaSliceByteOffset: 0

imageFlags: 0
rgbSliceByteLength: 6878
rgbSliceByteOffset: 0x1d25
alphaSliceByteLength: 0
alphaSliceByteOffset: 0

imageFlags: 0
rgbSliceByteLength: 3203
rgbSliceByteOffset: 0x3803
alphaSliceByteLength: 0
alphaSliceByteOffset: 0

imageFlags: 0
rgbSliceByteLength: 5089
rgbSliceByteOffset: 0x4486
alphaSliceByteLength: 0
alphaSliceByteOffset: 0

imageFlags: 0
rgbSliceByteLength: 5655
rgbSliceByteOffset: 0x5867
alphaSliceByteLength: 0
alphaSliceByteOffset: 0

imageFlags: 0
rgbSliceByteLength: 6118
rgbSliceByteOffset: 0x6e7e
alphaSliceByteLength: 0
alphaSliceByteOffset: 0

imageFlags: 0
rgbSliceByteLength: 2118
rgbSliceByteOffset: 0
alphaSliceByteLength: 0
alphaSliceByteOffset: 0

imageFlags: 0
rgbSliceByteLength: 1914
rgbSliceByteOffset: 0x846
alphaSliceByteLength: 0
alphaSliceByteOffset: 0

imageFlags: 0
rgbSliceByteLength: 973
rgbSliceByteOffset: 0xfc0
alphaSliceByteLength: 0
alphaSliceByteOffset: 0

imageFlags: 0
rgbSliceByteLength: 1298
rgbSliceByteOffset: 0x138d
alphaSliceByteLength: 0
alphaSliceByteOffset: 0

imageFlags: 0
rgbSliceByteLength: 1624
rgbSliceByteOffset: 0x189f
alphaSliceByteLength: 0
alphaSliceByteOffset: 0

imageFlags: 0
rgbSliceByteLength: 1711
rgbSliceByteOffset: 0x1ef7
alphaSliceByteLength: 0
alphaSliceByteOffset: 0

imageFlags: 0
rgbSliceByteLength: 631
rgbSliceByteOffset: 0
alphaSliceByteLength: 0
alphaSliceByteOffset: 0

imageFlags: 0
rgbSliceByteLength: 584
rgbSliceByteOffset: 0x277
alphaSliceByteLength: 0
alphaSliceByteOffset: 0

imageFlags: 0
rgbSliceByteLength: 306
rgbSliceByteOffset: 0x4bf
alphaSliceByteLength: 0
alphaSliceByteOffset: 0

imageFlags: 0
rgbSliceByteLength: 374
rgbSliceByteOffset: 0x5f1
alphaSliceByteLength: 0
alphaSliceByteOffset: 0

imageFlags: 0
rgbSliceByteLength: 475
rgbSliceByteOffset: 0x767
alphaSliceByteLength: 0
alphaSliceByteOffset: 0

imageFlags: 0
rgbSliceByteLength: 502
rgbSliceByteOffset: 0x942
alphaSliceByteLength: 0
alphaSliceByteOffset: 0

imageFlags: 0
rgbSliceByteLength: 165
rgbSliceByteOffset: 0
alphaSliceByteLength: 0
alphaSliceByteOffset: 0

imageFlags: 0
rgbSliceByteLength: 163
rgbSliceByteOffset: 0xa5
alphaSliceByteLength: 0
alphaSliceByteOffset: 0

imageFlags: 0
rgbSliceByteLength: 98
rgbSliceByteOffset: 0x148
alphaSliceByteLength: 0
alphaSliceByteOffset: 0

imageFlags: 0
rgbSliceByteLength: 113
rgbSliceByteOffset: 0x1aa
alphaSliceByteLength: 0
alphaSliceByteOffset: 0

imageFlags: 0
rgbSliceByteLength: 140
rgbSliceByteOffset: 0x21b
alphaSliceByteLength: 0
alphaSliceByteOffset: 0

imageFlags: 0
rgbSliceByteLength: 158
rgbSliceByteOffset: 0x2a7
alphaSliceByteLength: 0
alphaSliceByteOffset: 0

imageFlags: 0
rgbSliceByteLength: 47
rgbSliceByteOffset: 0
alphaSliceByteLength: 0
alphaSliceByteOffset: 0

imageFlags: 0
rgbSliceByteLength: 46
rgbSliceByteOffset: 0x2f
alphaSliceByteLength: 0
alphaSliceByteOffset: 0

imageFlags: 0
rgbSliceByteLength: 37
rgbSliceByteOffset: 0x5d
alphaSliceByteLength: 0
alphaSliceByteOffset: 0

imageFlags: 0
rgbSliceByteLength: 33
rgbSliceByteOffset: 0x82
alphaSliceByteLength: 0
alphaSliceByteOffset: 0

imageFlags: 0
rgbSliceByteLength: 48
rgbSliceByteOffset: 0xa3
alphaSliceByteLength: 0
alphaSliceByteOffset: 0

imageFlags: 0
rgbSliceByteLength: 46
rgbSliceByteOffset: 0xd3
alphaSliceByteLength: 0
alphaSliceByteOffset: 0

imageFlags: 0
rgbSliceByteLength: 13
rgbSliceByteOffset: 0
alphaSliceByteLength: 0
alphaSliceByteOffset: 0

imageFlags: 0
rgbSliceByteLength: 13
rgbSliceByteOffset: 0xd
alphaSliceByteLength: 0
alphaSliceByteOffset: 0

imageFlags: 0
rgbSliceByteLength: 11
rgbSliceByteOffset: 0x1a
alphaSliceByteLength: 0
alphaSliceByteOffset: 0

imageFlags: 0
rgbSliceByteLength: 9
rgbSliceByteOffset: 0x25
alphaSliceByteLength: 0
alphaSliceByteOffset: 0

imageFlags: 0
rgbSliceByteLength: 13
rgbSliceByteOffset: 0x2e
alphaSliceByteLength: 0
alphaSliceByteOffset: 0

imageFlags: 0
rgbSliceByteLength: 14
rgbSliceByteOffset: 0x3b
alphaSliceByteLength: 0
alphaSliceByteOffset: 0

imageFlags: 0
rgbSliceByteLength: 5
rgbSliceByteOffset: 0
alphaSliceByteLength: 0
alphaSliceByteOffset: 0

imageFlags: 0
rgbSliceByteLength: 5
rgbSliceByteOffset: 0x5
alphaSliceByteLength: 0
alphaSliceByteOffset: 0

imageFlags: 0
rgbSliceByteLength: 4
rgbSliceByteOffset: 0xa
alphaSliceByteLength: 0
alphaSliceByteOffset: 0

imageFlags: 0
rgbSliceByteLength: 5
rgbSliceByteOffset: 0xe
alphaSliceByteLength: 0
alphaSliceByteOffset: 0

imageFlags: 0
rgbSliceByteLength: 4
rgbSliceByteOffset: 0x13
alphaSliceByteLength: 0
alphaSliceByteOffset: 0

imageFlags: 0
rgbSliceByteLength: 5
rgbSliceByteOffset: 0x17
alphaSliceByteLength: 0
alphaSliceByteOffset: 0

imageFlags: 0
rgbSliceByteLength: 5
rgbSliceByteOffset: 0
alphaSliceByteLength: 0
alphaSliceByteOffset: 0

imageFlags: 0
rgbSliceByteLength: 4
rgbSliceByteOffset: 0x5
alphaSliceByteLength: 0
alphaSliceByteOffset: 0

imageFlags: 0
rgbSliceByteLength: 4
rgbSliceByteOffset: 0x9
alphaSliceByteLength: 0
alphaSliceByteOffset: 0

imageFlags: 0
rgbSliceByteLength: 5
rgbSliceByteOffset: 0xd
alphaSliceByteLength: 0
alphaSliceByteOffset: 0

imageFlags: 0
rgbSliceByteLength: 4
rgbSliceByteOffset: 0x12
alphaSliceByteLength: 0
alphaSliceByteOffset: 0

imageFlags: 0
rgbSliceByteLength: 5
rgbSliceByteOffset: 0x16
alphaSliceByteLength: 0
alphaSliceByteOffset: 0

imageFlags: 0
rgbSliceByteLength: 4
rgbSliceByteOffset: 0
alphaSliceByteLength: 0
alphaSliceByteOffset: 0

imageFlags: 0
rgbSliceByteLength: 5
rgbSliceByteOffset: 0x4
alphaSliceByteLength: 0
alphaSliceByteOffset: 0

imageFlags: 0
rgbSliceByteLength: 4
rgbSliceByteOffset: 0x9
alphaSliceByteLength: 0
alphaSliceByteOffset: 0

imageFlags: 0
rgbSliceByteLength: 5
rgbSliceByteOffset: 0xd
alphaSliceByteLength: 0
alphaSliceByteOffset: 0

imageFlags: 0
rgbSliceByteLength: 5
rgbSliceByteOffset: 0x12
alphaSliceByteLength: 0
alphaSliceByteOffset: 0

imageFlags: 0
rgbSliceByteLength: 4
rgbSliceByteOffset: 0x17
alphaSliceByteLength: 0
alphaSliceByteOffset: 0
