Header

identifier: «KTX 20»\r\n\x1A\n
vkFormat: VK_FORMAT_UNDEFINED
typeSize: 1
pixelWidth: 1024
pixelHeight: 1024
pixelDepth: 0
layerCount: 0
faceCount: 1
levelCount: 11
supercompressionScheme: KTX_SS_BASIS_LZ
dataFormatDescriptor.byteOffset: 0x158
dataFormatDescriptor.byteLength: 60
keyValueData.byteOffset: 0x194
keyValueData.byteLength: 152
supercompressionGlobalData.byteOffset: 0x230
supercompressionGlobalData.byteLength: 7121

Level Index

Level0.byteOffset: 0x15e23
Level0.byteLength: 256835
Level0.uncompressedByteLength: 0
Level1.byteOffset: 0x6f3e
Level1.byteLength: 61157
Level1.uncompressedByteLength: 0
Level2.byteOffset: 0x326b
Level2.byteLength: 15571
Level2.uncompressedByteLength: 0
Level3.byteOffset: 0x231e
Level3.byteLength: 3917
Level3.uncompressedByteLength: 0
Level4.byteOffset: 0x1f4e
Level4.byteLength: 976
Level4.uncompressedByteLength: 0
Level5.byteOffset: 0x1e64
Level5.byteLength: 234
Level5.uncompressedByteLength: 0
Level6.byteOffset: 0x1e29
Level6.byteLength: 59
Level6.uncompressedByteLength: 0
Level7.byteOffset: 0x1e19
Level7.byteLength: 16
Level7.uncompressedByteLength: 0
Level8.byteOffset: 0x1e11
Level8.byteLength: 8
Level8.uncompressedByteLength: 0
Level9.byteOffset: 0x1e09
Level9.byteLength: 8
Level9.uncompressedByteLength: 0
Level10.byteOffset: 0x1e01
Level10.byteLength: 8
Level10.uncompressedByteLength: 0

Data Format Descriptor

DFD total bytes: 60
BDB descriptor type: KHR_DF_KHR_DESCRIPTORTYPE_BASICFORMAT
Vendor ID: KHR_DF_VENDORID_KHRONOS
Descriptor block size: 56 (2 samples)
VersionNumber: KHR_DF_VERSIONNUMBER_1_3
Flags: 0x0 (KHR_DF_FLAG_ALPHA_STRAIGHT)
Transfer: KHR_DF_TRANSFER_LINEAR
Primaries: KHR_DF_PRIMARIES_BT709
Model: KHR_DF_MODEL_ETC1S
Dimensions: 4, 4, 1, 1
Plane bytes: 0, 0, 0, 0, 0, 0, 0, 0
Sample 0:
    Qualifiers: 0x0 ()
    Channel Type: 0x3 (KHR_DF_CHANNEL_ETC1S_RRR)
    Length: 64 bits Offset: 0
    Position: 0, 0, 0, 0
    Lower: 0x00000000
    Upper: 0xffffffff
Sample 1:
    Qualifiers: 0x0 ()
    Channel Type: 0x4 (KHR_DF_CHANNEL_ETC1S_GGG)
    Length: 64 bits Offset: 64
    Position: 0, 0, 0, 0
    Lower: 0x00000000
    Upper: 0xffffffff

Key/Value Data

KTXorientation: rd
KTXwriter: toktx v4.0.__default__ / libktx v4.0.__default__
KTXwriterScParams: --normalize --normal_mode --encode etc1s

Basis Supercompression Global Data

endpointCount: 138
selectorCount: 2668
endpointsByteLength: 171
selectorsByteLength: 5838
tablesByteLength: 872
extendedByteLength: 0

imageFlags: 0
rgbSliceByteLength: 130402
rgbSliceByteOffset: 0
alphaSliceByteLength: 126433
alphaSliceByteOffset: 0x1fd62

imageFlags: 0
rgbSliceByteLength: 31110
rgbSliceByteOffset: 0
alphaSliceByteLength: 30047
alphaSliceByteOffset: 0x7986

imageFlags: 0
rgbSliceByteLength: 8043
rgbSliceByteOffset: 0
alphaSliceByteLength: 7528
alphaSliceByteOffset: 0x1f6b

imageFlags: 0
rgbSliceByteLength: 1960
rgbSliceByteOffset: 0
alphaSliceByteLength: 1957
alphaSliceByteOffset: 0x7a8

imageFlags: 0
rgbSliceByteLength: 493
rgbSliceByteOffset: 0
alphaSliceByteLength: 483
alphaSliceByteOffset: 0x1ed

imageFlags: 0
rgbSliceByteLength: 116
rgbSliceByteOffset: 0
alphaSliceByteLength: 118
alphaSliceByteOffset: 0x74

imageFlags: 0
rgbSliceByteLength: 29
rgbSliceByteOffset: 0
alphaSliceByteLength: 30
alphaSliceByteOffset: 0x1d

imageFlags: 0
rgbSliceByteLength: 8
rgbSliceByteOffset: 0
alphaSliceByteLength: 8
alphaSliceByteOffset: 0x8

imageFlags: 0
rgbSliceByteLength: 4
rgbSliceByteOffset: 0
alphaSliceByteLength: 4
alphaSliceByteOffset: 0x4

imageFlags: 0
rgbSliceByteLength: 4
rgbSliceByteOffset: 0
alphaSliceByteLength: 4
alphaSliceByteOffset: 0x4

imageFlags: 0
rgbSliceByteLength: 4
rgbSliceByteOffset: 0
alphaSliceByteLength: 4
alphaSliceByteOffset: 0x4
