{"$id":"ktx-schema-url-1.0","header":{"identifier":"«KTX 20»\r\n\x1A\n","vkFormat":"VK_FORMAT_UNDEFINED","typeSize":1,"pixelWidth":1024,"pixelHeight":1024,"pixelDepth":0,"layerCount":0,"faceCount":1,"levelCount":11,"supercompressionScheme":"KTX_SS_ZSTD"},"index":{"dataFormatDescriptor":{"byteOffset":344,"byteLength":44},"keyValueData":{"byteOffset":388,"byteLength":144},"supercompressionGlobalData":{"byteOffset":0,"byteLength":0},"levels":[{"byteOffset":30714,"byteLength":32772,"uncompressedByteLength":1048576},{"byteOffset":13277,"byteLength":17437,"uncompressedByteLength":262144},{"byteOffset":5824,"byteLength":7453,"uncompressedByteLength":65536},{"byteOffset":2856,"byteLength":2968,"uncompressedByteLength":16384},{"byteOffset":1565,"byteLength":1291,"uncompressedByteLength":4096},{"byteOffset":946,"byteLength":619,"uncompressedByteLength":1024},{"byteOffset":680,"byteLength":266,"uncompressedByteLength":256},{"byteOffset":607,"byteLength":73,"uncompressedByteLength":64},{"byteOffset":582,"byteLength":25,"uncompressedByteLength":16},{"byteOffset":557,"byteLength":25,"uncompressedByteLength":16},{"byteOffset":532,"byteLength":25,"uncompressedByteLength":16}]},"dataFormatDescriptor":{"totalSize":44,"blocks":[{"descriptorType":"KHR_DF_KHR_DESCRIPTORTYPE_BASICFORMAT","vendorId":"KHR_DF_VENDORID_KHRONOS","descriptorBlockSize":40,"versionNumber":"KHR_DF_VERSIONNUMBER_1_3","flags":["KHR_DF_FLAG_ALPHA_STRAIGHT"],"transferFunction":"KHR_DF_TRANSFER_SRGB","colorPrimaries":"KHR_DF_PRIMARIES_BT709","colorModel":"KHR_DF_MODEL_UASTC","texelBlockDimension":[4,4,1,1],"bytesPlane":[0,0,0,0,0,0,0,0],"samples":[{"qualifiers":[],"channelType":"KHR_DF_CHANNEL_UASTC_RGBA","bitLength":127,"bitOffset":0,"samplePosition":[0,0,0,0],"sampleLower":0,"sampleUpper":4294967295}]}]},"keyValueData":{"KTXorientation":"rd","KTXwriter":"toktx v4.0.__default__ / libktx v4.0.__default__","KTXwriterScParams":"--uastc --uastc_rdo_l 4 --zcmp 5"}}