{"$id":"ktx-schema-url-1.0","header":{"identifier":"«KTX 20»\r\n\x1A\n","vkFormat":"VK_FORMAT_R8G8B8A8_SRGB","typeSize":1,"pixelWidth":2048,"pixelHeight":2048,"pixelDepth":0,"layerCount":0,"faceCount":1,"levelCount":12,"supercompressionScheme":"KTX_SS_NONE"},"index":{"dataFormatDescriptor":{"byteOffset":368,"byteLength":92},"keyValueData":{"byteOffset":460,"byteLength":56},"supercompressionGlobalData":{"byteOffset":0,"byteLength":0},"levels":[{"byteOffset":5592920,"byteLength":16777216,"uncompressedByteLength":16777216},{"byteOffset":1398616,"byteLength":4194304,"uncompressedByteLength":4194304},{"byteOffset":350040,"byteLength":1048576,"uncompressedByteLength":1048576},{"byteOffset":87896,"byteLength":262144,"uncompressedByteLength":262144},{"byteOffset":22360,"byteLength":65536,"uncompressedByteLength":65536},{"byteOffset":5976,"byteLength":16384,"uncompressedByteLength":16384},{"byteOffset":1880,"byteLength":4096,"uncompressedByteLength":4096},{"byteOffset":856,"byteLength":1024,"uncompressedByteLength":1024},{"byteOffset":600,"byteLength":256,"uncompressedByteLength":256},{"byteOffset":536,"byteLength":64,"uncompressedByteLength":64},{"byteOffset":520,"byteLength":16,"uncompressedByteLength":16},{"byteOffset":516,"byteLength":4,"uncompressedByteLength":4}]},"dataFormatDescriptor":{"totalSize":92,"blocks":[{"descriptorType":"KHR_DF_KHR_DESCRIPTORTYPE_BASICFORMAT","vendorId":"KHR_DF_VENDORID_KHRONOS","descriptorBlockSize":88,"versionNumber":"KHR_DF_VERSIONNUMBER_1_3","flags":["KHR_DF_FLAG_ALPHA_STRAIGHT"],"transferFunction":"KHR_DF_TRANSFER_SRGB","colorPrimaries":"KHR_DF_PRIMARIES_BT709","colorModel":"KHR_DF_MODEL_RGBSDA","texelBlockDimension":[1,1,1,1],"bytesPlane":[4,0,0,0,0,0,0,0],"samples":[{"qualifiers":[],"channelType":"KHR_DF_CHANNEL_RGBSDA_RED","bitLength":7,"bitOffset":0,"samplePosition":[0,0,0,0],"sampleLower":0,"sampleUpper":255},{"qualifiers":[],"channelType":"KHR_DF_CHANNEL_RGBSDA_GREEN","bitLength":7,"bitOffset":8,"samplePosition":[0,0,0,0],"sampleLower":0,"sampleUpper":255},{"qualifiers":[],"channelType":"KHR_DF_CHANNEL_RGBSDA_BLUE","bitLength":7,"bitOffset":16,"samplePosition":[0,0,0,0],"sampleLower":0,"sampleUpper":255},{"qualifiers":[1],"channelType":"KHR_DF_CHANNEL_RGBSDA_ALPHA","bitLength":7,"bitOffset":24,"samplePosition":[0,0,0,0],"sampleLower":0,"sampleUpper":255}]}]},"keyValueData":{"KTXorientation":"rd","KTXwriter":"toktx version 2"}}