{
    "$id": "ktx-schema-url-1.0",
    "header": {
        "identifier": "«KTX 20»\r\n\x1A\n",
        "vkFormat": "VK_FORMAT_R8G8_UNORM",
        "typeSize": 1,
        "pixelWidth": 32,
        "pixelHeight": 32,
        "pixelDepth": 0,
        "layerCount": 0,
        "faceCount": 1,
        "levelCount": 1,
        "supercompressionScheme": "KTX_SS_NONE"
    },
    "index": {
        "dataFormatDescriptor": {
            "byteOffset": 104,
            "byteLength": 60
        },
        "keyValueData": {
            "byteOffset": 164,
            "byteLength": 108
        },
        "supercompressionGlobalData": {
            "byteOffset": 0,
            "byteLength": 0
        },
        "levels": [
            {
                "byteOffset": 272,
                "byteLength": 2048,
                "uncompressedByteLength": 2048
            }
        ]
    },
    "dataFormatDescriptor": {
        "totalSize": 60,
        "blocks": [
            {
                "descriptorType": "KHR_DF_KHR_DESCRIPTORTYPE_BASICFORMAT",
                "vendorId": "KHR_DF_VENDORID_KHRONOS",
                "descriptorBlockSize": 56,
                "versionNumber": "KHR_DF_VERSIONNUMBER_1_3",
                "flags": [
                    "KHR_DF_FLAG_ALPHA_STRAIGHT"
                ],
                "transferFunction": "KHR_DF_TRANSFER_LINEAR",
                "colorPrimaries": "KHR_DF_PRIMARIES_BT709",
                "colorModel": "KHR_DF_MODEL_RGBSDA",
                "texelBlockDimension": [1, 1, 1, 1],
                "bytesPlane": [2, 0, 0, 0, 0, 0, 0, 0],
                "samples": [
                    {
                        "qualifiers": [],
                        "channelType": "KHR_DF_CHANNEL_RGBSDA_RED",
                        "bitLength": 7,
                        "bitOffset": 0,
                        "samplePosition": [0, 0, 0, 0],
                        "sampleLower": 0,
                        "sampleUpper": 255
                    },
                    {
                        "qualifiers": [],
                        "channelType": "KHR_DF_CHANNEL_RGBSDA_GREEN",
                        "bitLength": 7,
                        "bitOffset": 8,
                        "samplePosition": [0, 0, 0, 0],
                        "sampleLower": 0,
                        "sampleUpper": 255
                    }
                ]
            }
        ]
    },
    "keyValueData": {
        "KTXorientation": "rd",
        "KTXswizzle": "rrrg",
        "KTXwriter": "toktx v4.0.__default__ / libktx v4.0.__default__"
    }
}
