Header

identifier: «KTX 20»\r\n\x1A\n
vkFormat: VK_FORMAT_R8G8B8_UNORM
typeSize: 1
pixelWidth: 128
pixelHeight: 128
pixelDepth: 0
layerCount: 0
faceCount: 1
levelCount: 1
supercompressionScheme: KTX_SS_NONE
dataFormatDescriptor.byteOffset: 0x68
dataFormatDescriptor.byteLength: 76
keyValueData.byteOffset: 0xb4
keyValueData.byteLength: 56
supercompressionGlobalData.byteOffset: 0
supercompressionGlobalData.byteLength: 0

Level Index

Level0.byteOffset: 0xf0
Level0.byteLength: 49152
Level0.uncompressedByteLength: 49152

Data Format Descriptor

DFD total bytes: 76
BDB descriptor type: KHR_DF_KHR_DESCRIPTORTYPE_BASICFORMAT
Vendor ID: KHR_DF_VENDORID_KHRONOS
Descriptor block size: 72 (3 samples)
VersionNumber: KHR_DF_VERSIONNUMBER_1_3
Flags: 0x0 (KHR_DF_FLAG_ALPHA_STRAIGHT)
Transfer: KHR_DF_TRANSFER_LINEAR
Primaries: KHR_DF_PRIMARIES_BT709
Model: KHR_DF_MODEL_RGBSDA
Dimensions: 1, 1, 1, 1
Plane bytes: 3, 0, 0, 0, 0, 0, 0, 0
Sample 0:
    Qualifiers: 0x0 ()
    Channel Type: 0x0 (KHR_DF_CHANNEL_RGBSDA_RED)
    Length: 8 bits Offset: 0
    Position: 0, 0, 0, 0
    Lower: 0x00000000
    Upper: 0x000000ff
Sample 1:
    Qualifiers: 0x0 ()
    Channel Type: 0x1 (KHR_DF_CHANNEL_RGBSDA_GREEN)
    Length: 8 bits Offset: 8
    Position: 0, 0, 0, 0
    Lower: 0x00000000
    Upper: 0x000000ff
Sample 2:
    Qualifiers: 0x0 ()
    Channel Type: 0x2 (KHR_DF_CHANNEL_RGBSDA_BLUE)
    Length: 8 bits Offset: 16
    Position: 0, 0, 0, 0
    Lower: 0x00000000
    Upper: 0x000000ff

Key/Value Data

KTXorientation: rd
KTXwriter: toktx version 2
