{"$id":"ktx-schema-url-1.0","header":{"identifier":"«KTX 20»\r\n\x1A\n","vkFormat":"VK_FORMAT_BC2_UNORM_BLOCK","typeSize":1,"pixelWidth":1024,"pixelHeight":1024,"pixelDepth":0,"layerCount":0,"faceCount":1,"levelCount":11,"supercompressionScheme":"KTX_SS_NONE"},"index":{"dataFormatDescriptor":{"byteOffset":344,"byteLength":60},"keyValueData":{"byteOffset":404,"byteLength":92},"supercompressionGlobalData":{"byteOffset":0,"byteLength":0},"levels":[{"byteOffset":350048,"byteLength":1048576,"uncompressedByteLength":1048576},{"byteOffset":87904,"byteLength":262144,"uncompressedByteLength":262144},{"byteOffset":22368,"byteLength":65536,"uncompressedByteLength":65536},{"byteOffset":5984,"byteLength":16384,"uncompressedByteLength":16384},{"byteOffset":1888,"byteLength":4096,"uncompressedByteLength":4096},{"byteOffset":864,"byteLength":1024,"uncompressedByteLength":1024},{"byteOffset":608,"byteLength":256,"uncompressedByteLength":256},{"byteOffset":544,"byteLength":64,"uncompressedByteLength":64},{"byteOffset":528,"byteLength":16,"uncompressedByteLength":16},{"byteOffset":512,"byteLength":16,"uncompressedByteLength":16},{"byteOffset":496,"byteLength":16,"uncompressedByteLength":16}]},"dataFormatDescriptor":{"totalSize":60,"blocks":[{"descriptorType":"KHR_DF_KHR_DESCRIPTORTYPE_BASICFORMAT","vendorId":"KHR_DF_VENDORID_KHRONOS","descriptorBlockSize":56,"versionNumber":"KHR_DF_VERSIONNUMBER_1_3","flags":["KHR_DF_FLAG_ALPHA_STRAIGHT"],"transferFunction":"KHR_DF_TRANSFER_LINEAR","colorPrimaries":"KHR_DF_PRIMARIES_BT709","colorModel":"KHR_DF_MODEL_BC2","texelBlockDimension":[4,4,1,1],"bytesPlane":[16,0,0,0,0,0,0,0],"samples":[{"qualifiers":[],"channelType":"KHR_DF_CHANNEL_BC2_ALPHA","bitLength":63,"bitOffset":0,"samplePosition":[0,0,0,0],"sampleLower":0,"sampleUpper":4294967295},{"qualifiers":[],"channelType":"KHR_DF_CHANNEL_BC2_COLOR","bitLength":63,"bitOffset":64,"samplePosition":[0,0,0,0],"sampleLower":0,"sampleUpper":4294967295}]}]},"keyValueData":{"KTXorientation":"rd","KTXwriter":"ktx2ktx2 v4.0.__default__ / libktx v4.0.__default__"}}