Header

identifier: «KTX 20»\r\n\x1A\n
vkFormat: VK_FORMAT_BC2_UNORM_BLOCK
typeSize: 1
pixelWidth: 1024
pixelHeight: 1024
pixelDepth: 0
layerCount: 0
faceCount: 1
levelCount: 11
supercompressionScheme: KTX_SS_NONE
dataFormatDescriptor.byteOffset: 0x158
dataFormatDescriptor.byteLength: 60
keyValueData.byteOffset: 0x194
keyValueData.byteLength: 92
supercompressionGlobalData.byteOffset: 0
supercompressionGlobalData.byteLength: 0

Level Index

Level0.byteOffset: 0x55760
Level0.byteLength: 1048576
Level0.uncompressedByteLength: 1048576
Level1.byteOffset: 0x15760
Level1.byteLength: 262144
Level1.uncompressedByteLength: 262144
Level2.byteOffset: 0x5760
Level2.byteLength: 65536
Level2.uncompressedByteLength: 65536
Level3.byteOffset: 0x1760
Level3.byteLength: 16384
Level3.uncompressedByteLength: 16384
Level4.byteOffset: 0x760
Level4.byteLength: 4096
Level4.uncompressedByteLength: 4096
Level5.byteOffset: 0x360
Level5.byteLength: 1024
Level5.uncompressedByteLength: 1024
Level6.byteOffset: 0x260
Level6.byteLength: 256
Level6.uncompressedByteLength: 256
Level7.byteOffset: 0x220
Level7.byteLength: 64
Level7.uncompressedByteLength: 64
Level8.byteOffset: 0x210
Level8.byteLength: 16
Level8.uncompressedByteLength: 16
Level9.byteOffset: 0x200
Level9.byteLength: 16
Level9.uncompressedByteLength: 16
Level10.byteOffset: 0x1f0
Level10.byteLength: 16
Level10.uncompressedByteLength: 16

Data Format Descriptor

DFD total bytes: 60
BDB descriptor type: KHR_DF_KHR_DESCRIPTORTYPE_BASICFORMAT
Vendor ID: KHR_DF_VENDORID_KHRONOS
Descriptor block size: 56 (2 samples)
VersionNumber: KHR_DF_VERSIONNUMBER_1_3
Flags: 0x0 (KHR_DF_FLAG_ALPHA_STRAIGHT)
Transfer: KHR_DF_TRANSFER_LINEAR
Primaries: KHR_DF_PRIMARIES_BT709
Model: KHR_DF_MODEL_BC2
Dimensions: 4, 4, 1, 1
Plane bytes: 16, 0, 0, 0, 0, 0, 0, 0
Sample 0:
    Qualifiers: 0x0 ()
    Channel Type: 0xf (KHR_DF_CHANNEL_BC2_ALPHA)
    Length: 64 bits Offset: 0
    Position: 0, 0, 0, 0
    Lower: 0x00000000
    Upper: 0xffffffff
Sample 1:
    Qualifiers: 0x0 ()
    Channel Type: 0x0 (KHR_DF_CHANNEL_BC2_COLOR)
    Length: 64 bits Offset: 64
    Position: 0, 0, 0, 0
    Lower: 0x00000000
    Upper: 0xffffffff

Key/Value Data

KTXorientation: rd
KTXwriter: ktx2ktx2 v4.0.__default__ / libktx v4.0.__default__
