{"$id":"ktx-schema-url-1.0","header":{"identifier":"«KTX 20»\r\n\x1A\n","vkFormat":"VK_FORMAT_UNDEFINED","typeSize":1,"pixelWidth":32,"pixelHeight":32,"pixelDepth":0,"layerCount":0,"faceCount":1,"levelCount":1,"supercompressionScheme":"KTX_SS_NONE"},"index":{"dataFormatDescriptor":{"byteOffset":104,"byteLength":44},"keyValueData":{"byteOffset":148,"byteLength":140},"supercompressionGlobalData":{"byteOffset":0,"byteLength":0},"levels":[{"byteOffset":288,"byteLength":1024,"uncompressedByteLength":1024}]},"dataFormatDescriptor":{"totalSize":44,"blocks":[{"descriptorType":"KHR_DF_KHR_DESCRIPTORTYPE_BASICFORMAT","vendorId":"KHR_DF_VENDORID_KHRONOS","descriptorBlockSize":40,"versionNumber":"KHR_DF_VERSIONNUMBER_1_3","flags":["KHR_DF_FLAG_ALPHA_STRAIGHT"],"transferFunction":"KHR_DF_TRANSFER_LINEAR","colorPrimaries":"KHR_DF_PRIMARIES_BT709","colorModel":"KHR_DF_MODEL_UASTC","texelBlockDimension":[4,4,1,1],"bytesPlane":[16,0,0,0,0,0,0,0],"samples":[{"qualifiers":[],"channelType":"KHR_DF_CHANNEL_UASTC_RGB","bitLength":127,"bitOffset":0,"samplePosition":[0,0,0,0],"sampleLower":0,"sampleUpper":4294967295}]}]},"keyValueData":{"KTXorientation":"rd","KTXswizzle":"rg01","KTXwriter":"toktx v4.0.__default__ / libktx v4.0.__default__","KTXwriterScParams":"--uastc"}}