{"$id":"ktx-schema-url-1.0","header":{"identifier":"«KTX 20»\r\n\x1A\n","vkFormat":"VK_FORMAT_UNDEFINED","typeSize":1,"pixelWidth":32,"pixelHeight":32,"pixelDepth":0,"layerCount":0,"faceCount":1,"levelCount":1,"supercompressionScheme":"KTX_SS_BASIS_LZ"},"index":{"dataFormatDescriptor":{"byteOffset":104,"byteLength":60},"keyValueData":{"byteOffset":164,"byteLength":140},"supercompressionGlobalData":{"byteOffset":304,"byteLength":179},"levels":[{"byteOffset":483,"byteLength":48,"uncompressedByteLength":0}]},"dataFormatDescriptor":{"totalSize":60,"blocks":[{"descriptorType":"KHR_DF_KHR_DESCRIPTORTYPE_BASICFORMAT","vendorId":"KHR_DF_VENDORID_KHRONOS","descriptorBlockSize":56,"versionNumber":"KHR_DF_VERSIONNUMBER_1_3","flags":["KHR_DF_FLAG_ALPHA_STRAIGHT"],"transferFunction":"KHR_DF_TRANSFER_LINEAR","colorPrimaries":"KHR_DF_PRIMARIES_BT709","colorModel":"KHR_DF_MODEL_ETC1S","texelBlockDimension":[4,4,1,1],"bytesPlane":[0,0,0,0,0,0,0,0],"samples":[{"qualifiers":[],"channelType":"KHR_DF_CHANNEL_ETC1S_RRR","bitLength":63,"bitOffset":0,"samplePosition":[0,0,0,0],"sampleLower":0,"sampleUpper":4294967295},{"qualifiers":[],"channelType":"KHR_DF_CHANNEL_ETC1S_GGG","bitLength":63,"bitOffset":64,"samplePosition":[0,0,0,0],"sampleLower":0,"sampleUpper":4294967295}]}]},"keyValueData":{"KTXorientation":"rd","KTXswizzle":"ra01","KTXwriter":"toktx v4.0.__default__ / libktx v4.0.__default__","KTXwriterScParams":"--bcmp"},"supercompressionGlobalData":{"type":"KTX_SS_BASIS_LZ","endpointCount":8,"selectorCount":8,"endpointsByteLength":45,"selectorsByteLength":33,"tablesByteLength":61,"extendedByteLength":0,"images":[{"imageFlags":[],"rgbSliceByteLength":19,"rgbSliceByteOffset":0,"alphaSliceByteLength":29,"alphaSliceByteOffset":19}]}}