Header

identifier: «KTX 20»\r\n\x1A\n
vkFormat: VK_FORMAT_R8G8B8_SRGB
typeSize: 1
pixelWidth: 64
pixelHeight: 64
pixelDepth: 0
layerCount: 0
faceCount: 1
levelCount: 7
supercompressionScheme: KTX_SS_NONE
dataFormatDescriptor.byteOffset: 0xf8
dataFormatDescriptor.byteLength: 76
keyValueData.byteOffset: 0x144
keyValueData.byteLength: 88
supercompressionGlobalData.byteOffset: 0
supercompressionGlobalData.byteLength: 0

Level Index

Level0.byteOffset: 0x11ac
Level0.byteLength: 12288
Level0.uncompressedByteLength: 12288
Level1.byteOffset: 0x5ac
Level1.byteLength: 3072
Level1.uncompressedByteLength: 3072
Level2.byteOffset: 0x2ac
Level2.byteLength: 768
Level2.uncompressedByteLength: 768
Level3.byteOffset: 0x1ec
Level3.byteLength: 192
Level3.uncompressedByteLength: 192
Level4.byteOffset: 0x1bc
Level4.byteLength: 48
Level4.uncompressedByteLength: 48
Level5.byteOffset: 0x1b0
Level5.byteLength: 12
Level5.uncompressedByteLength: 12
Level6.byteOffset: 0x1a4
Level6.byteLength: 3
Level6.uncompressedByteLength: 3

Data Format Descriptor

DFD total bytes: 76
BDB descriptor type: KHR_DF_KHR_DESCRIPTORTYPE_BASICFORMAT
Vendor ID: KHR_DF_VENDORID_KHRONOS
Descriptor block size: 72 (3 samples)
VersionNumber: KHR_DF_VERSIONNUMBER_1_3
Flags: 0x0 (KHR_DF_FLAG_ALPHA_STRAIGHT)
Transfer: KHR_DF_TRANSFER_SRGB
Primaries: KHR_DF_PRIMARIES_BT709
Model: KHR_DF_MODEL_RGBSDA
Dimensions: 1, 1, 1, 1
Plane bytes: 3, 0, 0, 0, 0, 0, 0, 0
Sample 0:
    Qualifiers: 0x0 ()
    Channel Type: 0x0 (KHR_DF_CHANNEL_RGBSDA_RED)
    Length: 8 bits Offset: 0
    Position: 0, 0, 0, 0
    Lower: 0x00000000
    Upper: 0x000000ff
Sample 1:
    Qualifiers: 0x0 ()
    Channel Type: 0x1 (KHR_DF_CHANNEL_RGBSDA_GREEN)
    Length: 8 bits Offset: 8
    Position: 0, 0, 0, 0
    Lower: 0x00000000
    Upper: 0x000000ff
Sample 2:
    Qualifiers: 0x0 ()
    Channel Type: 0x2 (KHR_DF_CHANNEL_RGBSDA_BLUE)
    Length: 8 bits Offset: 16
    Position: 0, 0, 0, 0
    Lower: 0x00000000
    Upper: 0x000000ff

Key/Value Data

KTXorientation: rd
KTXwriter: toktx v4.0.__default__ / libktx v4.0.__default__
