Header

identifier: «KTX 20»\r\n\x1A\n
vkFormat: VK_FORMAT_UNDEFINED
typeSize: 1
pixelWidth: 64
pixelHeight: 64
pixelDepth: 0
layerCount: 0
faceCount: 1
levelCount: 7
supercompressionScheme: KTX_SS_BASIS_LZ
dataFormatDescriptor.byteOffset: 0xf8
dataFormatDescriptor.byteLength: 44
keyValueData.byteOffset: 0x124
keyValueData.byteLength: 120
supercompressionGlobalData.byteOffset: 0x1a0
supercompressionGlobalData.byteLength: 271

Level Index

Level0.byteOffset: 0x2bd
Level0.byteLength: 18
Level0.uncompressedByteLength: 0
Level1.byteOffset: 0x2b9
Level1.byteLength: 4
Level1.uncompressedByteLength: 0
Level2.byteOffset: 0x2b7
Level2.byteLength: 2
Level2.uncompressedByteLength: 0
Level3.byteOffset: 0x2b5
Level3.byteLength: 2
Level3.uncompressedByteLength: 0
Level4.byteOffset: 0x2b3
Level4.byteLength: 2
Level4.uncompressedByteLength: 0
Level5.byteOffset: 0x2b1
Level5.byteLength: 2
Level5.uncompressedByteLength: 0
Level6.byteOffset: 0x2af
Level6.byteLength: 2
Level6.uncompressedByteLength: 0

Data Format Descriptor

DFD total bytes: 44
BDB descriptor type: KHR_DF_KHR_DESCRIPTORTYPE_BASICFORMAT
Vendor ID: KHR_DF_VENDORID_KHRONOS
Descriptor block size: 40 (1 sample)
VersionNumber: KHR_DF_VERSIONNUMBER_1_3
Flags: 0x0 (KHR_DF_FLAG_ALPHA_STRAIGHT)
Transfer: KHR_DF_TRANSFER_SRGB
Primaries: KHR_DF_PRIMARIES_BT709
Model: KHR_DF_MODEL_ETC1S
Dimensions: 4, 4, 1, 1
Plane bytes: 0, 0, 0, 0, 0, 0, 0, 0
Sample 0:
    Qualifiers: 0x0 ()
    Channel Type: 0x0 (KHR_DF_CHANNEL_ETC1S_RGB)
    Length: 64 bits Offset: 0
    Position: 0, 0, 0, 0
    Lower: 0x00000000
    Upper: 0xffffffff

Key/Value Data

KTXorientation: rd
KTXwriter: toktx v4.0.__default__ / libktx v4.0.__default__
KTXwriterScParams: --bcmp

Basis Supercompression Global Data

endpointCount: 7
selectorCount: 2
endpointsByteLength: 48
selectorsByteLength: 9
tablesByteLength: 54
extendedByteLength: 0

imageFlags: 0
rgbSliceByteLength: 18
rgbSliceByteOffset: 0
alphaSliceByteLength: 0
alphaSliceByteOffset: 0

imageFlags: 0
rgbSliceByteLength: 4
rgbSliceByteOffset: 0
alphaSliceByteLength: 0
alphaSliceByteOffset: 0

imageFlags: 0
rgbSliceByteLength: 2
rgbSliceByteOffset: 0
alphaSliceByteLength: 0
alphaSliceByteOffset: 0

imageFlags: 0
rgbSliceByteLength: 2
rgbSliceByteOffset: 0
alphaSliceByteLength: 0
alphaSliceByteOffset: 0

imageFlags: 0
rgbSliceByteLength: 2
rgbSliceByteOffset: 0
alphaSliceByteLength: 0
alphaSliceByteOffset: 0

imageFlags: 0
rgbSliceByteLength: 2
rgbSliceByteOffset: 0
alphaSliceByteLength: 0
alphaSliceByteOffset: 0

imageFlags: 0
rgbSliceByteLength: 2
rgbSliceByteOffset: 0
alphaSliceByteLength: 0
alphaSliceByteOffset: 0
