Header

identifier: «KTX 20»\r\n\x1A\n
vkFormat: VK_FORMAT_B10G11R11_UFLOAT_PACK32
typeSize: 4
pixelWidth: 1024
pixelHeight: 1024
pixelDepth: 0
layerCount: 0
faceCount: 6
levelCount: 1
supercompressionScheme: KTX_SS_NONE
dataFormatDescriptor.byteOffset: 0x68
dataFormatDescriptor.byteLength: 76
keyValueData.byteOffset: 0xb4
keyValueData.byteLength: 72
supercompressionGlobalData.byteOffset: 0
supercompressionGlobalData.byteLength: 0

Level Index

Level0.byteOffset: 0xfc
Level0.byteLength: 25165824
Level0.uncompressedByteLength: 25165824

Data Format Descriptor

DFD total bytes: 76
BDB descriptor type: KHR_DF_KHR_DESCRIPTORTYPE_BASICFORMAT
Vendor ID: KHR_DF_VENDORID_KHRONOS
Descriptor block size: 72 (3 samples)
VersionNumber: KHR_DF_VERSIONNUMBER_1_3
Flags: 0x0 (KHR_DF_FLAG_ALPHA_STRAIGHT)
Transfer: KHR_DF_TRANSFER_LINEAR
Primaries: KHR_DF_PRIMARIES_BT709
Model: KHR_DF_MODEL_RGBSDA
Dimensions: 1, 1, 1, 1
Plane bytes: 4, 0, 0, 0, 0, 0, 0, 0
Sample 0:
    Qualifiers: 0x8 (8)
    Channel Type: 0x0 (KHR_DF_CHANNEL_RGBSDA_RED)
    Length: 11 bits Offset: 0
    Position: 0, 0, 0, 0
    Lower: 0x00000000
    Upper: 0x3f800000
Sample 1:
    Qualifiers: 0x8 (8)
    Channel Type: 0x1 (KHR_DF_CHANNEL_RGBSDA_GREEN)
    Length: 11 bits Offset: 11
    Position: 0, 0, 0, 0
    Lower: 0x00000000
    Upper: 0x3f800000
Sample 2:
    Qualifiers: 0x8 (8)
    Channel Type: 0x2 (KHR_DF_CHANNEL_RGBSDA_BLUE)
    Length: 10 bits Offset: 22
    Position: 0, 0, 0, 0
    Lower: 0x00000000
    Upper: 0x3f800000

Key/Value Data

KTXwriter: ktx2ktx2 v4.0.0-b4test17~41 / libktx v4.0.0-b4test17~33
