Header

identifier: «KTX 20»\r\n\x1A\n
vkFormat: VK_FORMAT_ASTC_8x8_UNORM_BLOCK
typeSize: 1
pixelWidth: 256
pixelHeight: 256
pixelDepth: 0
layerCount: 7
faceCount: 1
levelCount: 1
supercompressionScheme: KTX_SS_NONE
dataFormatDescriptor.byteOffset: 0x68
dataFormatDescriptor.byteLength: 44
keyValueData.byteOffset: 0x94
keyValueData.byteLength: 92
supercompressionGlobalData.byteOffset: 0
supercompressionGlobalData.byteLength: 0

Level Index

Level0.byteOffset: 0xf0
Level0.byteLength: 114688
Level0.uncompressedByteLength: 114688

Data Format Descriptor

DFD total bytes: 44
BDB descriptor type: KHR_DF_KHR_DESCRIPTORTYPE_BASICFORMAT
Vendor ID: KHR_DF_VENDORID_KHRONOS
Descriptor block size: 40 (1 sample)
VersionNumber: KHR_DF_VERSIONNUMBER_1_3
Flags: 0x0 (KHR_DF_FLAG_ALPHA_STRAIGHT)
Transfer: KHR_DF_TRANSFER_LINEAR
Primaries: KHR_DF_PRIMARIES_BT709
Model: KHR_DF_MODEL_ASTC
Dimensions: 8, 8, 1, 1
Plane bytes: 16, 0, 0, 0, 0, 0, 0, 0
Sample 0:
    Qualifiers: 0x0 ()
    Channel Type: 0x0 (KHR_DF_CHANNEL_ASTC_DATA)
    Length: 128 bits Offset: 0
    Position: 0, 0, 0, 0
    Lower: 0x00000000
    Upper: 0xffffffff

Key/Value Data

KTXorientation: rd
KTXwriter: ktx2ktx2 v4.0.__default__ / libktx v4.0.__default__
