{"$id":"ktx-schema-url-1.0","header":{"identifier":"«KTX 20»\r\n\x1A\n","vkFormat":"VK_FORMAT_UNDEFINED","typeSize":1,"pixelWidth":1024,"pixelHeight":1024,"pixelDepth":0,"layerCount":0,"faceCount":1,"levelCount":11,"supercompressionScheme":"KTX_SS_ZSTD"},"index":{"dataFormatDescriptor":{"byteOffset":344,"byteLength":44},"keyValueData":{"byteOffset":388,"byteLength":160},"supercompressionGlobalData":{"byteOffset":0,"byteLength":0},"levels":[{"byteOffset":328532,"byteLength":984286,"uncompressedByteLength":1048576},{"byteOffset":81276,"byteLength":247256,"uncompressedByteLength":262144},{"byteOffset":21295,"byteLength":59981,"uncompressedByteLength":65536},{"byteOffset":6080,"byteLength":15215,"uncompressedByteLength":16384},{"byteOffset":1974,"byteLength":4106,"uncompressedByteLength":4096},{"byteOffset":962,"byteLength":1012,"uncompressedByteLength":1024},{"byteOffset":696,"byteLength":266,"uncompressedByteLength":256},{"byteOffset":623,"byteLength":73,"uncompressedByteLength":64},{"byteOffset":598,"byteLength":25,"uncompressedByteLength":16},{"byteOffset":573,"byteLength":25,"uncompressedByteLength":16},{"byteOffset":548,"byteLength":25,"uncompressedByteLength":16}]},"dataFormatDescriptor":{"totalSize":44,"blocks":[{"descriptorType":"KHR_DF_KHR_DESCRIPTORTYPE_BASICFORMAT","vendorId":"KHR_DF_VENDORID_KHRONOS","descriptorBlockSize":40,"versionNumber":"KHR_DF_VERSIONNUMBER_1_3","flags":["KHR_DF_FLAG_ALPHA_STRAIGHT"],"transferFunction":"KHR_DF_TRANSFER_LINEAR","colorPrimaries":"KHR_DF_PRIMARIES_BT709","colorModel":"KHR_DF_MODEL_UASTC","texelBlockDimension":[4,4,1,1],"bytesPlane":[0,0,0,0,0,0,0,0],"samples":[{"qualifiers":[],"channelType":"KHR_DF_CHANNEL_UASTC_RRRG","bitLength":127,"bitOffset":0,"samplePosition":[0,0,0,0],"sampleLower":0,"sampleUpper":4294967295}]}]},"keyValueData":{"KTXorientation":"rd","KTXwriter":"toktx v4.0.__default__ / libktx v4.0.__default__","KTXwriterScParams":"--normalize --normal_mode --encode uastc --zcmp 5"}}