Header

identifier: «KTX 20»\r\n\x1A\n
vkFormat: VK_FORMAT_UNDEFINED
typeSize: 1
pixelWidth: 1024
pixelHeight: 1024
pixelDepth: 0
layerCount: 0
faceCount: 1
levelCount: 11
supercompressionScheme: KTX_SS_ZSTD
dataFormatDescriptor.byteOffset: 0x158
dataFormatDescriptor.byteLength: 44
keyValueData.byteOffset: 0x184
keyValueData.byteLength: 160
supercompressionGlobalData.byteOffset: 0
supercompressionGlobalData.byteLength: 0

Level Index

Level0.byteOffset: 0x50354
Level0.byteLength: 984286
Level0.uncompressedByteLength: 1048576
Level1.byteOffset: 0x13d7c
Level1.byteLength: 247256
Level1.uncompressedByteLength: 262144
Level2.byteOffset: 0x532f
Level2.byteLength: 59981
Level2.uncompressedByteLength: 65536
Level3.byteOffset: 0x17c0
Level3.byteLength: 15215
Level3.uncompressedByteLength: 16384
Level4.byteOffset: 0x7b6
Level4.byteLength: 4106
Level4.uncompressedByteLength: 4096
Level5.byteOffset: 0x3c2
Level5.byteLength: 1012
Level5.uncompressedByteLength: 1024
Level6.byteOffset: 0x2b8
Level6.byteLength: 266
Level6.uncompressedByteLength: 256
Level7.byteOffset: 0x26f
Level7.byteLength: 73
Level7.uncompressedByteLength: 64
Level8.byteOffset: 0x256
Level8.byteLength: 25
Level8.uncompressedByteLength: 16
Level9.byteOffset: 0x23d
Level9.byteLength: 25
Level9.uncompressedByteLength: 16
Level10.byteOffset: 0x224
Level10.byteLength: 25
Level10.uncompressedByteLength: 16

Data Format Descriptor

DFD total bytes: 44
BDB descriptor type: KHR_DF_KHR_DESCRIPTORTYPE_BASICFORMAT
Vendor ID: KHR_DF_VENDORID_KHRONOS
Descriptor block size: 40 (1 sample)
VersionNumber: KHR_DF_VERSIONNUMBER_1_3
Flags: 0x0 (KHR_DF_FLAG_ALPHA_STRAIGHT)
Transfer: KHR_DF_TRANSFER_LINEAR
Primaries: KHR_DF_PRIMARIES_BT709
Model: KHR_DF_MODEL_UASTC
Dimensions: 4, 4, 1, 1
Plane bytes: 0, 0, 0, 0, 0, 0, 0, 0
Sample 0:
    Qualifiers: 0x0 ()
    Channel Type: 0x5 (KHR_DF_CHANNEL_UASTC_RRRG)
    Length: 128 bits Offset: 0
    Position: 0, 0, 0, 0
    Lower: 0x00000000
    Upper: 0xffffffff

Key/Value Data

KTXorientation: rd
KTXwriter: toktx v4.0.__default__ / libktx v4.0.__default__
KTXwriterScParams: --normalize --normal_mode --encode uastc --zcmp 5
